[Mon Nov 01 01:54:34.930820 2021] [fcgid:info] [pid 3961474:tid 139892529362048] mod_fcgid: Process manager 3961474 started
[Mon Nov 01 01:54:34.931793 2021] [mpm_event:notice] [pid 3961466:tid 139892529362048] AH00489: Apache/2.4.43 (Unix) mod_fcgid/2.3.9 configured -- resuming normal operations
[Mon Nov 01 01:54:34.931852 2021] [mpm_event:info] [pid 3961466:tid 139892529362048] AH00490: Server built: Jul 17 2020 12:36:16
[Mon Nov 01 01:54:34.931860 2021] [core:notice] [pid 3961466:tid 139892529362048] AH00094: Command line: '/usr/alwaysdata/apache/2.4.43/bin/apache -f /home/younes/admin/config/apache/apache.conf -D FOREGROUND'
[Mon Nov 01 01:54:35.161790 2021] [core:info] [pid 3961475:tid 139892510463744] [client 8.41.221.60:0] AH00128: File does not exist: /home/younes/spikeexcel/robots.txt
[Mon Nov 01 01:54:36.645102 2021] [fcgid:info] [pid 3961474:tid 139892529362048] mod_fcgid: server spikeexcel.ga:/usr/bin/env(3961800) started
[Mon Nov 01 02:25:04.691128 2021] [core:error] [pid 3961466:tid 139892529362048] (21)Is a directory: AH00095: failed to remove PID file /home/younes/admin/config/apache/
[Mon Nov 01 02:25:04.691155 2021] [mpm_event:notice] [pid 3961466:tid 139892529362048] AH00491: caught SIGTERM, shutting down
[Mon Nov 01 02:25:04.767705 2021] [fcgid:info] [pid 3961474:tid 139892529362048] mod_fcgid: process /usr/bin/env(3961800) exit(shutting down), terminated by calling exit(), return code: 0
[Mon Nov 01 02:25:04.767737 2021] [fcgid:info] [pid 3961474:tid 139892529362048] mod_fcgid: Process manager 3961474 stopped
[Mon Nov 01 07:25:00.181010 2021] [fcgid:info] [pid 1024135:tid 140281446552704] mod_fcgid: Process manager 1024135 started
[Mon Nov 01 07:25:00.181938 2021] [mpm_event:notice] [pid 1024127:tid 140281446552704] AH00489: Apache/2.4.43 (Unix) mod_fcgid/2.3.9 configured -- resuming normal operations
[Mon Nov 01 07:25:00.181993 2021] [mpm_event:info] [pid 1024127:tid 140281446552704] AH00490: Server built: Jul 17 2020 12:36:16
[Mon Nov 01 07:25:00.181999 2021] [core:notice] [pid 1024127:tid 140281446552704] AH00094: Command line: '/usr/alwaysdata/apache/2.4.43/bin/apache -f /home/younes/admin/config/apache/apache.conf -D FOREGROUND'
[Mon Nov 01 07:25:00.415257 2021] [fcgid:info] [pid 1024135:tid 140281446552704] mod_fcgid: server spikeexcel.ga:/usr/bin/env(1024397) started
[Mon Nov 01 08:04:13.417827 2021] [core:error] [pid 1024127:tid 140281446552704] (21)Is a directory: AH00095: failed to remove PID file /home/younes/admin/config/apache/
[Mon Nov 01 08:04:13.417854 2021] [mpm_event:notice] [pid 1024127:tid 140281446552704] AH00491: caught SIGTERM, shutting down
[Mon Nov 01 08:04:13.494342 2021] [fcgid:info] [pid 1024135:tid 140281446552704] mod_fcgid: process /usr/bin/env(1024397) exit(shutting down), terminated by calling exit(), return code: 0
[Mon Nov 01 08:04:13.494370 2021] [fcgid:info] [pid 1024135:tid 140281446552704] mod_fcgid: Process manager 1024135 stopped
[Mon Nov 01 09:17:34.026797 2021] [fcgid:info] [pid 1355701:tid 140264112104576] mod_fcgid: Process manager 1355701 started
[Mon Nov 01 09:17:34.027777 2021] [mpm_event:notice] [pid 1355693:tid 140264112104576] AH00489: Apache/2.4.43 (Unix) mod_fcgid/2.3.9 configured -- resuming normal operations
[Mon Nov 01 09:17:34.027828 2021] [mpm_event:info] [pid 1355693:tid 140264112104576] AH00490: Server built: Jul 17 2020 12:36:16
[Mon Nov 01 09:17:34.027834 2021] [core:notice] [pid 1355693:tid 140264112104576] AH00094: Command line: '/usr/alwaysdata/apache/2.4.43/bin/apache -f /home/younes/admin/config/apache/apache.conf -D FOREGROUND'
[Mon Nov 01 09:17:34.260606 2021] [fcgid:info] [pid 1355701:tid 140264112104576] mod_fcgid: server www.spikeexcel.ga:/usr/bin/env(1355976) started
[Mon Nov 01 09:47:15.408576 2021] [core:info] [pid 1355702:tid 140257727084288] [client 37.120.137.71:0] AH00128: File does not exist: /home/younes/spikeexcel/assets/vendor/swiper/swiper-bundle.min.js.map
[Mon Nov 01 09:47:15.420627 2021] [core:info] [pid 1355702:tid 140257710298880] [client 37.120.137.71:0] AH00128: File does not exist: /home/younes/spikeexcel/assets/vendor/purecounter/purecounter.js.map
[Mon Nov 01 09:51:32.121221 2021] [core:info] [pid 1355702:tid 140257165035264] [client 37.120.137.71:0] AH00128: File does not exist: /home/younes/spikeexcel/assets/vendor/swiper/swiper-bundle.min.js.map
[Mon Nov 01 09:51:32.121221 2021] [core:info] [pid 1355702:tid 140257181820672] [client 37.120.137.71:0] AH00128: File does not exist: /home/younes/spikeexcel/assets/vendor/purecounter/purecounter.js.map
[Mon Nov 01 10:05:26.863570 2021] [core:info] [pid 1355702:tid 140256409888512] [client 37.120.137.71:0] AH00128: File does not exist: /home/younes/spikeexcel/assets/vendor/purecounter/purecounter.js.map
[Mon Nov 01 10:05:26.869674 2021] [core:info] [pid 1355702:tid 140256393103104] [client 37.120.137.71:0] AH00128: File does not exist: /home/younes/spikeexcel/assets/vendor/swiper/swiper-bundle.min.js.map
[Mon Nov 01 10:35:47.275747 2021] [core:error] [pid 1355693:tid 140264112104576] (21)Is a directory: AH00095: failed to remove PID file /home/younes/admin/config/apache/
[Mon Nov 01 10:35:47.275771 2021] [mpm_event:notice] [pid 1355693:tid 140264112104576] AH00491: caught SIGTERM, shutting down
[Mon Nov 01 10:35:47.352398 2021] [fcgid:info] [pid 1355701:tid 140264112104576] mod_fcgid: process /usr/bin/env(1355976) exit(shutting down), terminated by calling exit(), return code: 0
[Mon Nov 01 10:35:47.352426 2021] [fcgid:info] [pid 1355701:tid 140264112104576] mod_fcgid: Process manager 1355701 stopped
[Mon Nov 01 10:45:01.399865 2021] [fcgid:info] [pid 1625980:tid 140165595055232] mod_fcgid: Process manager 1625980 started
[Mon Nov 01 10:45:01.400909 2021] [mpm_event:notice] [pid 1625963:tid 140165595055232] AH00489: Apache/2.4.43 (Unix) mod_fcgid/2.3.9 configured -- resuming normal operations
[Mon Nov 01 10:45:01.400972 2021] [mpm_event:info] [pid 1625963:tid 140165595055232] AH00490: Server built: Jul 17 2020 12:36:16
[Mon Nov 01 10:45:01.400978 2021] [core:notice] [pid 1625963:tid 140165595055232] AH00094: Command line: '/usr/alwaysdata/apache/2.4.43/bin/apache -f /home/younes/admin/config/apache/apache.conf -D FOREGROUND'
[Mon Nov 01 10:45:01.637470 2021] [fcgid:info] [pid 1625980:tid 140165595055232] mod_fcgid: server spikeexcel.ga:/usr/bin/env(1626247) started
[Mon Nov 01 10:45:01.637925 2021] [fcgid:info] [pid 1625980:tid 140165595055232] mod_fcgid: server spikeexcel.ga:/usr/bin/env(1626248) started
[Mon Nov 01 10:51:19.946821 2021] [fcgid:info] [pid 1625980:tid 140165595055232] mod_fcgid: process /usr/bin/env(1626247) exit(idle timeout), terminated by calling exit(), return code: 0
[Mon Nov 01 10:51:19.946932 2021] [fcgid:info] [pid 1625980:tid 140165595055232] mod_fcgid: process /usr/bin/env(1626248) exit(idle timeout), terminated by calling exit(), return code: 0
[Mon Nov 01 11:15:18.326454 2021] [core:error] [pid 1625963:tid 140165595055232] (21)Is a directory: AH00095: failed to remove PID file /home/younes/admin/config/apache/
[Mon Nov 01 11:15:18.326650 2021] [mpm_event:notice] [pid 1625963:tid 140165595055232] AH00491: caught SIGTERM, shutting down
[Mon Nov 01 11:15:18.337364 2021] [fcgid:info] [pid 1625980:tid 140165595055232] mod_fcgid: Process manager 1625980 stopped
[Mon Nov 01 12:09:14.203155 2021] [fcgid:info] [pid 1927856:tid 140386392843392] mod_fcgid: Process manager 1927856 started
[Mon Nov 01 12:09:14.204182 2021] [mpm_event:notice] [pid 1927846:tid 140386392843392] AH00489: Apache/2.4.43 (Unix) mod_fcgid/2.3.9 configured -- resuming normal operations
[Mon Nov 01 12:09:14.204233 2021] [mpm_event:info] [pid 1927846:tid 140386392843392] AH00490: Server built: Jul 17 2020 12:36:16
[Mon Nov 01 12:09:14.204239 2021] [core:notice] [pid 1927846:tid 140386392843392] AH00094: Command line: '/usr/alwaysdata/apache/2.4.43/bin/apache -f /home/younes/admin/config/apache/apache.conf -D FOREGROUND'
[Mon Nov 01 12:09:14.435812 2021] [fcgid:info] [pid 1927856:tid 140386392843392] mod_fcgid: server spikeexcel.ga:/usr/bin/env(1928122) started
[Mon Nov 01 12:09:28.776222 2021] [core:info] [pid 1927857:tid 140386323588864] [client 111.13.63.87:0] AH00128: File does not exist: /home/younes/spikeexcel/favicon.ico
[Mon Nov 01 12:09:49.811087 2021] [core:info] [pid 1927857:tid 140385812727552] [client 111.13.63.87:0] AH00128: File does not exist: /home/younes/spikeexcel/favicon.ico
[Mon Nov 01 12:39:50.802267 2021] [core:error] [pid 1927846:tid 140386392843392] (21)Is a directory: AH00095: failed to remove PID file /home/younes/admin/config/apache/
[Mon Nov 01 12:39:50.802299 2021] [mpm_event:notice] [pid 1927846:tid 140386392843392] AH00491: caught SIGTERM, shutting down
[Mon Nov 01 12:39:50.878888 2021] [fcgid:info] [pid 1927856:tid 140386392843392] mod_fcgid: process /usr/bin/env(1928122) exit(shutting down), terminated by calling exit(), return code: 0
[Mon Nov 01 12:39:50.878917 2021] [fcgid:info] [pid 1927856:tid 140386392843392] mod_fcgid: Process manager 1927856 stopped
[Mon Nov 01 13:40:01.156061 2021] [fcgid:info] [pid 2306334:tid 140182727103616] mod_fcgid: Process manager 2306334 started
[Mon Nov 01 13:40:01.157187 2021] [mpm_event:notice] [pid 2306326:tid 140182727103616] AH00489: Apache/2.4.43 (Unix) mod_fcgid/2.3.9 configured -- resuming normal operations
[Mon Nov 01 13:40:01.157241 2021] [mpm_event:info] [pid 2306326:tid 140182727103616] AH00490: Server built: Jul 17 2020 12:36:16
[Mon Nov 01 13:40:01.157247 2021] [core:notice] [pid 2306326:tid 140182727103616] AH00094: Command line: '/usr/alwaysdata/apache/2.4.43/bin/apache -f /home/younes/admin/config/apache/apache.conf -D FOREGROUND'
[Mon Nov 01 13:40:01.390609 2021] [fcgid:info] [pid 2306334:tid 140182727103616] mod_fcgid: server www.spikeexcel.ga:/usr/bin/env(2306614) started
[Mon Nov 01 13:41:38.371913 2021] [core:info] [pid 2306335:tid 140175308973824] [client 154.244.34.84:0] AH00128: File does not exist: /home/younes/www/favicon.ico, referer: https://www.younes-sarni.ga/
[Mon Nov 01 14:11:53.228572 2021] [core:error] [pid 2306326:tid 140182727103616] (21)Is a directory: AH00095: failed to remove PID file /home/younes/admin/config/apache/
[Mon Nov 01 14:11:53.228615 2021] [mpm_event:notice] [pid 2306326:tid 140182727103616] AH00491: caught SIGTERM, shutting down
[Mon Nov 01 14:11:53.305492 2021] [fcgid:info] [pid 2306334:tid 140182727103616] mod_fcgid: process /usr/bin/env(2306614) exit(shutting down), terminated by calling exit(), return code: 0
[Mon Nov 01 14:11:53.305540 2021] [fcgid:info] [pid 2306334:tid 140182727103616] mod_fcgid: Process manager 2306334 stopped
[Mon Nov 01 19:45:37.120072 2021] [fcgid:info] [pid 4017537:tid 140697055417472] mod_fcgid: Process manager 4017537 started
[Mon Nov 01 19:45:37.121063 2021] [mpm_event:notice] [pid 4017527:tid 140697055417472] AH00489: Apache/2.4.43 (Unix) mod_fcgid/2.3.9 configured -- resuming normal operations
[Mon Nov 01 19:45:37.121130 2021] [mpm_event:info] [pid 4017527:tid 140697055417472] AH00490: Server built: Jul 17 2020 12:36:16
[Mon Nov 01 19:45:37.121136 2021] [core:notice] [pid 4017527:tid 140697055417472] AH00094: Command line: '/usr/alwaysdata/apache/2.4.43/bin/apache -f /home/younes/admin/config/apache/apache.conf -D FOREGROUND'
[Mon Nov 01 19:45:37.352920 2021] [fcgid:info] [pid 4017537:tid 140697055417472] mod_fcgid: server spikemusic.gq:/usr/bin/env(4017819) started
[Mon Nov 01 20:16:03.417083 2021] [core:error] [pid 4017527:tid 140697055417472] (21)Is a directory: AH00095: failed to remove PID file /home/younes/admin/config/apache/
[Mon Nov 01 20:16:03.417107 2021] [mpm_event:notice] [pid 4017527:tid 140697055417472] AH00491: caught SIGTERM, shutting down
[Mon Nov 01 20:16:03.493677 2021] [fcgid:info] [pid 4017537:tid 140697055417472] mod_fcgid: process /usr/bin/env(4017819) exit(shutting down), terminated by calling exit(), return code: 0
[Mon Nov 01 20:16:03.493704 2021] [fcgid:info] [pid 4017537:tid 140697055417472] mod_fcgid: Process manager 4017537 stopped
[Mon Nov 01 20:17:14.813552 2021] [fcgid:info] [pid 26911:tid 140135689737344] mod_fcgid: Process manager 26911 started
[Mon Nov 01 20:17:14.814546 2021] [mpm_event:notice] [pid 26901:tid 140135689737344] AH00489: Apache/2.4.43 (Unix) mod_fcgid/2.3.9 configured -- resuming normal operations
[Mon Nov 01 20:17:14.814597 2021] [mpm_event:info] [pid 26901:tid 140135689737344] AH00490: Server built: Jul 17 2020 12:36:16
[Mon Nov 01 20:17:14.814608 2021] [core:notice] [pid 26901:tid 140135689737344] AH00094: Command line: '/usr/alwaysdata/apache/2.4.43/bin/apache -f /home/younes/admin/config/apache/apache.conf -D FOREGROUND'
[Mon Nov 01 21:43:35.886414 2021] [core:error] [pid 26901:tid 140135689737344] (21)Is a directory: AH00095: failed to remove PID file /home/younes/admin/config/apache/
[Mon Nov 01 21:43:35.886436 2021] [mpm_event:notice] [pid 26901:tid 140135689737344] AH00491: caught SIGTERM, shutting down
[Mon Nov 01 21:43:35.897168 2021] [fcgid:info] [pid 26911:tid 140135689737344] mod_fcgid: Process manager 26911 stopped
[Mon Nov 01 21:48:26.165947 2021] [fcgid:info] [pid 383741:tid 140348719457408] mod_fcgid: Process manager 383741 started
[Mon Nov 01 21:48:26.167011 2021] [mpm_event:notice] [pid 383733:tid 140348719457408] AH00489: Apache/2.4.43 (Unix) mod_fcgid/2.3.9 configured -- resuming normal operations
[Mon Nov 01 21:48:26.167071 2021] [mpm_event:info] [pid 383733:tid 140348719457408] AH00490: Server built: Jul 17 2020 12:36:16
[Mon Nov 01 21:48:26.167078 2021] [core:notice] [pid 383733:tid 140348719457408] AH00094: Command line: '/usr/alwaysdata/apache/2.4.43/bin/apache -f /home/younes/admin/config/apache/apache.conf -D FOREGROUND'
[Mon Nov 01 21:48:27.940347 2021] [core:info] [pid 383742:tid 140348307265280] [client 154.244.34.84:0] AH00128: File does not exist: /home/younes/www/favicon.ico, referer: https://younes-sarni.ga/
[Mon Nov 01 22:14:19.397955 2021] [core:info] [pid 383742:tid 140344591099648] [client ::1:51306] AH00565: request failed: client's request-line exceeds LimitRequestLine (longer than 8190)
[Mon Nov 01 22:14:22.232036 2021] [core:info] [pid 383742:tid 140344096192256] [client ::1:51510] AH00565: request failed: client's request-line exceeds LimitRequestLine (longer than 8190)
[Mon Nov 01 22:14:25.193003 2021] [core:info] [pid 383742:tid 140344079406848] [client ::1:51760] AH00565: request failed: client's request-line exceeds LimitRequestLine (longer than 8190)
[Mon Nov 01 22:14:26.045331 2021] [core:info] [pid 383742:tid 140344062621440] [client ::1:51824] AH00565: request failed: client's request-line exceeds LimitRequestLine (longer than 8190)
[Mon Nov 01 22:14:26.702828 2021] [core:info] [pid 383742:tid 140344045836032] [client ::1:51874] AH00565: request failed: client's request-line exceeds LimitRequestLine (longer than 8190)
[Mon Nov 01 22:14:27.492280 2021] [core:info] [pid 383742:tid 140343559321344] [client ::1:51922] AH00565: request failed: client's request-line exceeds LimitRequestLine (longer than 8190)
[Mon Nov 01 22:14:27.995187 2021] [core:info] [pid 383742:tid 140343542535936] [client ::1:51952] AH00565: request failed: client's request-line exceeds LimitRequestLine (longer than 8190)
[Mon Nov 01 22:14:28.845314 2021] [core:info] [pid 383742:tid 140343525750528] [client ::1:52018] AH00565: request failed: client's request-line exceeds LimitRequestLine (longer than 8190)
[Mon Nov 01 22:14:29.295385 2021] [core:info] [pid 383742:tid 140343508965120] [client ::1:52046] AH00565: request failed: client's request-line exceeds LimitRequestLine (longer than 8190)
[Mon Nov 01 22:14:29.791227 2021] [core:info] [pid 383742:tid 140343408318208] [client ::1:52116] AH00565: request failed: client's request-line exceeds LimitRequestLine (longer than 8190)
[Mon Nov 01 22:14:29.862347 2021] [core:info] [pid 383742:tid 140343391532800] [client ::1:52120] AH00565: request failed: client's request-line exceeds LimitRequestLine (longer than 8190)
[Mon Nov 01 22:14:29.928305 2021] [core:info] [pid 383742:tid 140343374747392] [client ::1:52128] AH00565: request failed: client's request-line exceeds LimitRequestLine (longer than 8190)
[Mon Nov 01 22:14:31.082179 2021] [core:info] [pid 383742:tid 140342477186816] [client ::1:52256] AH00565: request failed: client's request-line exceeds LimitRequestLine (longer than 8190)
[Mon Nov 01 22:14:40.883133 2021] [core:info] [pid 383742:tid 140342460401408] [client ::1:52970] AH00565: request failed: client's request-line exceeds LimitRequestLine (longer than 8190)
[Mon Nov 01 22:22:54.786921 2021] [core:info] [pid 383742:tid 140341386659584] [client 197.119.240.208:0] AH00128: File does not exist: /home/younes/www/favicon.ico, referer: https://www.younes-sarni.ga/
[Mon Nov 01 22:23:19.793386 2021] [fcgid:info] [pid 383741:tid 140348719457408] mod_fcgid: server spikeexcel.ga:/usr/bin/env(501639) started
[Mon Nov 01 22:23:32.468080 2021] [core:info] [pid 383742:tid 140340975417088] [client 197.119.240.208:0] AH00128: File does not exist: /home/younes/www/favicon.ico, referer: https://www.younes-sarni.ga/
[Mon Nov 01 22:35:59.172321 2021] [core:info] [pid 383742:tid 140340782384896] [client 197.119.240.208:0] AH00128: File does not exist: /home/younes/www/favicon.ico, referer: https://www.younes-sarni.cf/
[Mon Nov 01 22:37:34.423667 2021] [core:info] [pid 383742:tid 140340690065152] [client 197.119.240.208:0] AH00128: File does not exist: /home/younes/www/favicon.ico, referer: https://www.younes-sarni.cf/
[Mon Nov 01 22:37:39.225248 2021] [mpm_event:notice] [pid 383733:tid 140348719457408] AH00493: SIGUSR1 received.  Doing graceful restart
[Mon Nov 01 22:37:39.312599 2021] [fcgid:info] [pid 383741:tid 140348719457408] mod_fcgid: process /usr/bin/env(501639) exit(shutting down), terminated by calling exit(), return code: 0
[Mon Nov 01 22:37:39.312620 2021] [fcgid:info] [pid 383741:tid 140348719457408] mod_fcgid: Process manager 383741 stopped
[Mon Nov 01 22:37:39.318823 2021] [mpm_event:notice] [pid 383733:tid 140348719457408] AH00489: Apache/2.4.43 (Unix) mod_fcgid/2.3.9 configured -- resuming normal operations
[Mon Nov 01 22:37:39.318837 2021] [mpm_event:info] [pid 383733:tid 140348719457408] AH00490: Server built: Jul 17 2020 12:36:16
[Mon Nov 01 22:37:39.318841 2021] [core:notice] [pid 383733:tid 140348719457408] AH00094: Command line: '/usr/alwaysdata/apache/2.4.43/bin/apache -f /home/younes/admin/config/apache/apache.conf -D FOREGROUND'
[Mon Nov 01 22:37:39.318861 2021] [fcgid:info] [pid 546307:tid 140348719457408] mod_fcgid: Process manager 546307 started
[Mon Nov 01 22:45:07.384118 2021] [core:info] [pid 546308:tid 140347292239616] [client 41.96.160.241:0] AH00128: File does not exist: /home/younes/www/favicon.ico, referer: https://www.younes-sarni.ga/
[Mon Nov 01 22:55:57.386324 2021] [autoindex:error] [pid 546308:tid 140346780546816] [client 197.119.240.208:0] AH01276: Cannot serve directory /home/younes/www/malak/: No matching DirectoryIndex (index.php,index.html) found, and server-generated directory index forbidden by Options directive
[Mon Nov 01 22:56:40.427341 2021] [core:info] [pid 546308:tid 140345673234176] [client 41.96.160.241:0] AH00128: File does not exist: /home/younes/www/favicon.ico, referer: https://younes-sarni.ga/malak/malak.html
[Mon Nov 01 23:27:08.765214 2021] [core:error] [pid 383733:tid 140348719457408] (21)Is a directory: AH00095: failed to remove PID file /home/younes/admin/config/apache/
[Mon Nov 01 23:27:08.765254 2021] [mpm_event:notice] [pid 383733:tid 140348719457408] AH00491: caught SIGTERM, shutting down
[Mon Nov 01 23:27:08.776173 2021] [fcgid:info] [pid 546307:tid 140348719457408] mod_fcgid: Process manager 546307 stopped
[Mon Nov 01 23:42:50.840228 2021] [fcgid:info] [pid 762573:tid 139677522220160] mod_fcgid: Process manager 762573 started
[Mon Nov 01 23:42:50.841205 2021] [mpm_event:notice] [pid 762565:tid 139677522220160] AH00489: Apache/2.4.43 (Unix) mod_fcgid/2.3.9 configured -- resuming normal operations
[Mon Nov 01 23:42:50.841263 2021] [mpm_event:info] [pid 762565:tid 139677522220160] AH00490: Server built: Jul 17 2020 12:36:16
[Mon Nov 01 23:42:50.841270 2021] [core:notice] [pid 762565:tid 139677522220160] AH00094: Command line: '/usr/alwaysdata/apache/2.4.43/bin/apache -f /home/younes/admin/config/apache/apache.conf -D FOREGROUND'
[Tue Nov 02 00:13:10.035759 2021] [core:error] [pid 762565:tid 139677522220160] (21)Is a directory: AH00095: failed to remove PID file /home/younes/admin/config/apache/
[Tue Nov 02 00:13:10.035792 2021] [mpm_event:notice] [pid 762565:tid 139677522220160] AH00491: caught SIGTERM, shutting down
[Tue Nov 02 00:13:10.046535 2021] [fcgid:info] [pid 762573:tid 139677522220160] mod_fcgid: Process manager 762573 stopped
[Tue Nov 02 00:15:39.880829 2021] [fcgid:info] [pid 875997:tid 140484704289920] mod_fcgid: Process manager 875997 started
[Tue Nov 02 00:15:39.881894 2021] [mpm_event:notice] [pid 875961:tid 140484704289920] AH00489: Apache/2.4.43 (Unix) mod_fcgid/2.3.9 configured -- resuming normal operations
[Tue Nov 02 00:15:39.881948 2021] [mpm_event:info] [pid 875961:tid 140484704289920] AH00490: Server built: Jul 17 2020 12:36:16
[Tue Nov 02 00:15:39.881954 2021] [core:notice] [pid 875961:tid 140484704289920] AH00094: Command line: '/usr/alwaysdata/apache/2.4.43/bin/apache -f /home/younes/admin/config/apache/apache.conf -D FOREGROUND'
[Tue Nov 02 00:15:40.114890 2021] [fcgid:info] [pid 875997:tid 140484704289920] mod_fcgid: server www.spikeexcel.ga:/usr/bin/env(876331) started
[Tue Nov 02 00:15:40.171360 2021] [core:info] [pid 875998:tid 140484668606208] [client 137.74.27.104:0] AH00128: File does not exist: /home/younes/spikeexcel/ads.txt
[Tue Nov 02 00:19:37.262804 2021] [fcgid:info] [pid 875997:tid 140484704289920] mod_fcgid: server www.spikemusic.gq:/usr/bin/env(890645) started
[Tue Nov 02 00:49:40.986862 2021] [core:error] [pid 875961:tid 140484704289920] (21)Is a directory: AH00095: failed to remove PID file /home/younes/admin/config/apache/
[Tue Nov 02 00:49:40.986890 2021] [mpm_event:notice] [pid 875961:tid 140484704289920] AH00491: caught SIGTERM, shutting down
[Tue Nov 02 00:49:41.063461 2021] [fcgid:info] [pid 875997:tid 140484704289920] mod_fcgid: process /usr/bin/env(876331) exit(shutting down), terminated by calling exit(), return code: 0
[Tue Nov 02 00:49:41.063490 2021] [fcgid:info] [pid 875997:tid 140484704289920] mod_fcgid: process /usr/bin/env(890645) exit(shutting down), terminated by calling exit(), return code: 0
[Tue Nov 02 00:49:41.063498 2021] [fcgid:info] [pid 875997:tid 140484704289920] mod_fcgid: Process manager 875997 stopped
[Tue Nov 02 01:30:36.147187 2021] [fcgid:info] [pid 1151073:tid 140087664899200] mod_fcgid: Process manager 1151073 started
[Tue Nov 02 01:30:36.148180 2021] [mpm_event:notice] [pid 1151061:tid 140087664899200] AH00489: Apache/2.4.43 (Unix) mod_fcgid/2.3.9 configured -- resuming normal operations
[Tue Nov 02 01:30:36.148236 2021] [mpm_event:info] [pid 1151061:tid 140087664899200] AH00490: Server built: Jul 17 2020 12:36:16
[Tue Nov 02 01:30:36.148242 2021] [core:notice] [pid 1151061:tid 140087664899200] AH00094: Command line: '/usr/alwaysdata/apache/2.4.43/bin/apache -f /home/younes/admin/config/apache/apache.conf -D FOREGROUND'
[Tue Nov 02 01:30:36.381001 2021] [fcgid:info] [pid 1151073:tid 140087664899200] mod_fcgid: server spikeexcel.ga:/usr/bin/env(1151347) started
[Tue Nov 02 01:30:36.503163 2021] [core:info] [pid 1151076:tid 140087629215488] [client 3.142.156.177:0] AH00128: File does not exist: /home/younes/spikeexcel/robots.txt
[Tue Nov 02 02:00:42.946595 2021] [core:error] [pid 1151061:tid 140087664899200] (21)Is a directory: AH00095: failed to remove PID file /home/younes/admin/config/apache/
[Tue Nov 02 02:00:42.946626 2021] [mpm_event:notice] [pid 1151061:tid 140087664899200] AH00491: caught SIGTERM, shutting down
[Tue Nov 02 02:00:43.023335 2021] [fcgid:info] [pid 1151073:tid 140087664899200] mod_fcgid: process /usr/bin/env(1151347) exit(shutting down), terminated by calling exit(), return code: 0
[Tue Nov 02 02:00:43.023363 2021] [fcgid:info] [pid 1151073:tid 140087664899200] mod_fcgid: Process manager 1151073 stopped
[Tue Nov 02 02:47:34.962189 2021] [fcgid:info] [pid 1412163:tid 139780695610496] mod_fcgid: Process manager 1412163 started
[Tue Nov 02 02:47:34.963211 2021] [mpm_event:notice] [pid 1412149:tid 139780695610496] AH00489: Apache/2.4.43 (Unix) mod_fcgid/2.3.9 configured -- resuming normal operations
[Tue Nov 02 02:47:34.963266 2021] [mpm_event:info] [pid 1412149:tid 139780695610496] AH00490: Server built: Jul 17 2020 12:36:16
[Tue Nov 02 02:47:34.963279 2021] [core:notice] [pid 1412149:tid 139780695610496] AH00094: Command line: '/usr/alwaysdata/apache/2.4.43/bin/apache -f /home/younes/admin/config/apache/apache.conf -D FOREGROUND'
[Tue Nov 02 02:47:35.184171 2021] [fcgid:info] [pid 1412163:tid 139780695610496] mod_fcgid: server spikeexcel.ga:/usr/bin/env(1412452) started
[Tue Nov 02 03:17:45.119651 2021] [core:error] [pid 1412149:tid 139780695610496] (21)Is a directory: AH00095: failed to remove PID file /home/younes/admin/config/apache/
[Tue Nov 02 03:17:45.119672 2021] [mpm_event:notice] [pid 1412149:tid 139780695610496] AH00491: caught SIGTERM, shutting down
[Tue Nov 02 03:17:45.196234 2021] [fcgid:info] [pid 1412163:tid 139780695610496] mod_fcgid: process /usr/bin/env(1412452) exit(shutting down), terminated by calling exit(), return code: 0
[Tue Nov 02 03:17:45.196263 2021] [fcgid:info] [pid 1412163:tid 139780695610496] mod_fcgid: Process manager 1412163 stopped
[Tue Nov 02 04:37:03.891765 2021] [fcgid:info] [pid 1766118:tid 140648329028736] mod_fcgid: Process manager 1766118 started
[Tue Nov 02 04:37:03.892771 2021] [mpm_event:notice] [pid 1766108:tid 140648329028736] AH00489: Apache/2.4.43 (Unix) mod_fcgid/2.3.9 configured -- resuming normal operations
[Tue Nov 02 04:37:03.892824 2021] [mpm_event:info] [pid 1766108:tid 140648329028736] AH00490: Server built: Jul 17 2020 12:36:16
[Tue Nov 02 04:37:03.892831 2021] [core:notice] [pid 1766108:tid 140648329028736] AH00094: Command line: '/usr/alwaysdata/apache/2.4.43/bin/apache -f /home/younes/admin/config/apache/apache.conf -D FOREGROUND'
[Tue Nov 02 05:07:18.321604 2021] [core:error] [pid 1766108:tid 140648329028736] (21)Is a directory: AH00095: failed to remove PID file /home/younes/admin/config/apache/
[Tue Nov 02 05:07:18.321620 2021] [mpm_event:notice] [pid 1766108:tid 140648329028736] AH00491: caught SIGTERM, shutting down
[Tue Nov 02 05:07:18.332310 2021] [fcgid:info] [pid 1766118:tid 140648329028736] mod_fcgid: Process manager 1766118 stopped
[Tue Nov 02 06:08:16.995304 2021] [fcgid:info] [pid 2001781:tid 139754489615488] mod_fcgid: Process manager 2001781 started
[Tue Nov 02 06:08:16.996324 2021] [mpm_event:notice] [pid 2001771:tid 139754489615488] AH00489: Apache/2.4.43 (Unix) mod_fcgid/2.3.9 configured -- resuming normal operations
[Tue Nov 02 06:08:16.996375 2021] [mpm_event:info] [pid 2001771:tid 139754489615488] AH00490: Server built: Jul 17 2020 12:36:16
[Tue Nov 02 06:08:16.996380 2021] [core:notice] [pid 2001771:tid 139754489615488] AH00094: Command line: '/usr/alwaysdata/apache/2.4.43/bin/apache -f /home/younes/admin/config/apache/apache.conf -D FOREGROUND'
[Tue Nov 02 06:38:20.749020 2021] [core:error] [pid 2001771:tid 139754489615488] (21)Is a directory: AH00095: failed to remove PID file /home/younes/admin/config/apache/
[Tue Nov 02 06:38:20.749056 2021] [mpm_event:notice] [pid 2001771:tid 139754489615488] AH00491: caught SIGTERM, shutting down
[Tue Nov 02 06:38:20.759841 2021] [fcgid:info] [pid 2001781:tid 139754489615488] mod_fcgid: Process manager 2001781 stopped
[Tue Nov 02 08:24:36.097344 2021] [fcgid:info] [pid 2520526:tid 139791439242368] mod_fcgid: Process manager 2520526 started
[Tue Nov 02 08:24:36.098363 2021] [mpm_event:notice] [pid 2520516:tid 139791439242368] AH00489: Apache/2.4.43 (Unix) mod_fcgid/2.3.9 configured -- resuming normal operations
[Tue Nov 02 08:24:36.098412 2021] [mpm_event:info] [pid 2520516:tid 139791439242368] AH00490: Server built: Jul 17 2020 12:36:16
[Tue Nov 02 08:24:36.098417 2021] [core:notice] [pid 2520516:tid 139791439242368] AH00094: Command line: '/usr/alwaysdata/apache/2.4.43/bin/apache -f /home/younes/admin/config/apache/apache.conf -D FOREGROUND'
[Tue Nov 02 08:24:36.330106 2021] [core:info] [pid 2520527:tid 139791420344064] [client 185.200.244.100:0] AH00128: File does not exist: /home/younes/spikeexcel/robots.txt
[Tue Nov 02 08:54:54.458510 2021] [core:error] [pid 2520516:tid 139791439242368] (21)Is a directory: AH00095: failed to remove PID file /home/younes/admin/config/apache/
[Tue Nov 02 08:54:54.458539 2021] [mpm_event:notice] [pid 2520516:tid 139791439242368] AH00491: caught SIGTERM, shutting down
[Tue Nov 02 08:54:54.469498 2021] [fcgid:info] [pid 2520526:tid 139791439242368] mod_fcgid: Process manager 2520526 stopped
[Tue Nov 02 11:06:22.433601 2021] [fcgid:info] [pid 3052026:tid 140383418885248] mod_fcgid: Process manager 3052026 started
[Tue Nov 02 11:06:22.434684 2021] [mpm_event:notice] [pid 3052018:tid 140383418885248] AH00489: Apache/2.4.43 (Unix) mod_fcgid/2.3.9 configured -- resuming normal operations
[Tue Nov 02 11:06:22.434743 2021] [mpm_event:info] [pid 3052018:tid 140383418885248] AH00490: Server built: Jul 17 2020 12:36:16
[Tue Nov 02 11:06:22.434750 2021] [core:notice] [pid 3052018:tid 140383418885248] AH00094: Command line: '/usr/alwaysdata/apache/2.4.43/bin/apache -f /home/younes/admin/config/apache/apache.conf -D FOREGROUND'
[Tue Nov 02 11:06:27.427492 2021] [fcgid:info] [pid 3052026:tid 140383418885248] mod_fcgid: server www.spikeexcel.ga:/usr/bin/env(3052463) started
[Tue Nov 02 11:36:59.173839 2021] [core:error] [pid 3052018:tid 140383418885248] (21)Is a directory: AH00095: failed to remove PID file /home/younes/admin/config/apache/
[Tue Nov 02 11:36:59.173860 2021] [mpm_event:notice] [pid 3052018:tid 140383418885248] AH00491: caught SIGTERM, shutting down
[Tue Nov 02 11:36:59.250533 2021] [fcgid:info] [pid 3052026:tid 140383418885248] mod_fcgid: process /usr/bin/env(3052463) exit(shutting down), terminated by calling exit(), return code: 0
[Tue Nov 02 11:36:59.250554 2021] [fcgid:info] [pid 3052026:tid 140383418885248] mod_fcgid: Process manager 3052026 stopped
[Tue Nov 02 14:55:29.449913 2021] [fcgid:info] [pid 4155859:tid 139693508756608] mod_fcgid: Process manager 4155859 started
[Tue Nov 02 14:55:29.451161 2021] [mpm_event:notice] [pid 4155851:tid 139693508756608] AH00489: Apache/2.4.43 (Unix) mod_fcgid/2.3.9 configured -- resuming normal operations
[Tue Nov 02 14:55:29.451226 2021] [mpm_event:info] [pid 4155851:tid 139693508756608] AH00490: Server built: Jul 17 2020 12:36:16
[Tue Nov 02 14:55:29.451234 2021] [core:notice] [pid 4155851:tid 139693508756608] AH00094: Command line: '/usr/alwaysdata/apache/2.4.43/bin/apache -f /home/younes/admin/config/apache/apache.conf -D FOREGROUND'
[Tue Nov 02 15:42:15.315790 2021] [core:error] [pid 4155851:tid 139693508756608] (21)Is a directory: AH00095: failed to remove PID file /home/younes/admin/config/apache/
[Tue Nov 02 15:42:15.315828 2021] [mpm_event:notice] [pid 4155851:tid 139693508756608] AH00491: caught SIGTERM, shutting down
[Tue Nov 02 15:42:15.326560 2021] [fcgid:info] [pid 4155859:tid 139693508756608] mod_fcgid: Process manager 4155859 stopped
[Tue Nov 02 16:02:56.507565 2021] [fcgid:info] [pid 331279:tid 139745438139520] mod_fcgid: Process manager 331279 started
[Tue Nov 02 16:02:56.508584 2021] [mpm_event:notice] [pid 331265:tid 139745438139520] AH00489: Apache/2.4.43 (Unix) mod_fcgid/2.3.9 configured -- resuming normal operations
[Tue Nov 02 16:02:56.508639 2021] [mpm_event:info] [pid 331265:tid 139745438139520] AH00490: Server built: Jul 17 2020 12:36:16
[Tue Nov 02 16:02:56.508646 2021] [core:notice] [pid 331265:tid 139745438139520] AH00094: Command line: '/usr/alwaysdata/apache/2.4.43/bin/apache -f /home/younes/admin/config/apache/apache.conf -D FOREGROUND'
[Tue Nov 02 16:02:59.182835 2021] [core:info] [pid 331280:tid 139745334122240] [client 54.195.16.238:0] AH00128: File does not exist: /home/younes/www/favicon.ico, referer: www.ask.com
[Tue Nov 02 16:33:16.189430 2021] [core:error] [pid 331265:tid 139745438139520] (21)Is a directory: AH00095: failed to remove PID file /home/younes/admin/config/apache/
[Tue Nov 02 16:33:16.189457 2021] [mpm_event:notice] [pid 331265:tid 139745438139520] AH00491: caught SIGTERM, shutting down
[Tue Nov 02 16:33:16.200619 2021] [fcgid:info] [pid 331279:tid 139745438139520] mod_fcgid: Process manager 331279 stopped
[Tue Nov 02 17:42:56.691052 2021] [fcgid:info] [pid 888020:tid 140188156081280] mod_fcgid: Process manager 888020 started
[Tue Nov 02 17:42:56.692112 2021] [mpm_event:notice] [pid 888010:tid 140188156081280] AH00489: Apache/2.4.43 (Unix) mod_fcgid/2.3.9 configured -- resuming normal operations
[Tue Nov 02 17:42:56.692166 2021] [mpm_event:info] [pid 888010:tid 140188156081280] AH00490: Server built: Jul 17 2020 12:36:16
[Tue Nov 02 17:42:56.692171 2021] [core:notice] [pid 888010:tid 140188156081280] AH00094: Command line: '/usr/alwaysdata/apache/2.4.43/bin/apache -f /home/younes/admin/config/apache/apache.conf -D FOREGROUND'
[Tue Nov 02 17:42:56.923647 2021] [fcgid:info] [pid 888020:tid 140188156081280] mod_fcgid: server spikeexcel.ga:/usr/bin/env(888294) started
[Tue Nov 02 17:50:58.512877 2021] [core:error] [pid 888010:tid 140188156081280] (21)Is a directory: AH00095: failed to remove PID file /home/younes/admin/config/apache/
[Tue Nov 02 17:50:58.512920 2021] [mpm_event:notice] [pid 888010:tid 140188156081280] AH00491: caught SIGTERM, shutting down
[Tue Nov 02 17:50:58.523942 2021] [fcgid:info] [pid 888020:tid 140188156081280] mod_fcgid: process /usr/bin/env(888294) exit(shutting down), terminated by calling exit(), return code: 0
[Tue Nov 02 17:50:58.524000 2021] [fcgid:info] [pid 888020:tid 140188156081280] mod_fcgid: Process manager 888020 stopped
[Tue Nov 02 18:11:45.744699 2021] [fcgid:info] [pid 1102534:tid 140659145651328] mod_fcgid: Process manager 1102534 started
[Tue Nov 02 18:11:45.745574 2021] [mpm_event:notice] [pid 1102526:tid 140659145651328] AH00489: Apache/2.4.43 (Unix) mod_fcgid/2.3.9 configured -- resuming normal operations
[Tue Nov 02 18:11:45.745622 2021] [mpm_event:info] [pid 1102526:tid 140659145651328] AH00490: Server built: Jul 17 2020 12:36:16
[Tue Nov 02 18:11:45.745627 2021] [core:notice] [pid 1102526:tid 140659145651328] AH00094: Command line: '/usr/alwaysdata/apache/2.4.43/bin/apache -f /home/younes/admin/config/apache/apache.conf -D FOREGROUND'
[Tue Nov 02 18:11:45.988775 2021] [fcgid:info] [pid 1102534:tid 140659145651328] mod_fcgid: server www.spikeexcel.ga:/usr/bin/env(1102810) started
[Tue Nov 02 18:17:42.540523 2021] [core:info] [pid 1102535:tid 140651614119680] [client 154.121.21.6:0] AH00128: File does not exist: /home/younes/spikeexcel/index.html, referer: http://www.spikeexcel.ga/index.php
[Tue Nov 02 18:17:42.692485 2021] [core:info] [pid 1102535:tid 140651597334272] [client 154.121.21.6:0] AH00128: File does not exist: /home/younes/spikeexcel/favicon.ico, referer: http://www.spikeexcel.ga/index.html
[Tue Nov 02 18:48:57.203230 2021] [core:error] [pid 1102526:tid 140659145651328] (21)Is a directory: AH00095: failed to remove PID file /home/younes/admin/config/apache/
[Tue Nov 02 18:48:57.203254 2021] [mpm_event:notice] [pid 1102526:tid 140659145651328] AH00491: caught SIGTERM, shutting down
[Tue Nov 02 18:48:57.279641 2021] [fcgid:info] [pid 1102534:tid 140659145651328] mod_fcgid: process /usr/bin/env(1102810) exit(shutting down), terminated by calling exit(), return code: 0
[Tue Nov 02 18:48:57.279667 2021] [fcgid:info] [pid 1102534:tid 140659145651328] mod_fcgid: Process manager 1102534 stopped
[Tue Nov 02 19:08:14.424497 2021] [fcgid:info] [pid 1405539:tid 140473201349760] mod_fcgid: Process manager 1405539 started
[Tue Nov 02 19:08:14.425424 2021] [mpm_event:notice] [pid 1405531:tid 140473201349760] AH00489: Apache/2.4.43 (Unix) mod_fcgid/2.3.9 configured -- resuming normal operations
[Tue Nov 02 19:08:14.425476 2021] [mpm_event:info] [pid 1405531:tid 140473201349760] AH00490: Server built: Jul 17 2020 12:36:16
[Tue Nov 02 19:08:14.425483 2021] [core:notice] [pid 1405531:tid 140473201349760] AH00094: Command line: '/usr/alwaysdata/apache/2.4.43/bin/apache -f /home/younes/admin/config/apache/apache.conf -D FOREGROUND'
[Tue Nov 02 19:17:41.704574 2021] [core:info] [pid 1405540:tid 140472794208000] [client 41.96.188.92:0] AH00128: File does not exist: /home/younes/www/favicon.ico, referer: https://younes-sarni.ga/malak/malak.html
[Tue Nov 02 19:47:58.025161 2021] [core:error] [pid 1405531:tid 140473201349760] (21)Is a directory: AH00095: failed to remove PID file /home/younes/admin/config/apache/
[Tue Nov 02 19:47:58.025189 2021] [mpm_event:notice] [pid 1405531:tid 140473201349760] AH00491: caught SIGTERM, shutting down
[Tue Nov 02 19:47:58.036279 2021] [fcgid:info] [pid 1405539:tid 140473201349760] mod_fcgid: Process manager 1405539 stopped
[Tue Nov 02 20:34:32.231859 2021] [fcgid:info] [pid 2177618:tid 140240166769792] mod_fcgid: Process manager 2177618 started
[Tue Nov 02 20:34:32.233495 2021] [mpm_event:notice] [pid 2177602:tid 140240166769792] AH00489: Apache/2.4.43 (Unix) mod_fcgid/2.3.9 configured -- resuming normal operations
[Tue Nov 02 20:34:32.233580 2021] [mpm_event:info] [pid 2177602:tid 140240166769792] AH00490: Server built: Jul 17 2020 12:36:16
[Tue Nov 02 20:34:32.233589 2021] [core:notice] [pid 2177602:tid 140240166769792] AH00094: Command line: '/usr/alwaysdata/apache/2.4.43/bin/apache -f /home/younes/admin/config/apache/apache.conf -D FOREGROUND'
[Tue Nov 02 20:34:32.452003 2021] [fcgid:info] [pid 2177618:tid 140240166769792] mod_fcgid: server www.spikeexcel.ga:/usr/bin/env(2177934) started
[Tue Nov 02 20:34:33.522263 2021] [core:info] [pid 2177619:tid 140236503897856] [client 197.119.240.208:0] AH00128: File does not exist: /home/younes/spikeexcel/favicon.ico, referer: https://www.spikeexcel.ga/
[Tue Nov 02 20:51:52.845524 2021] [mpm_event:notice] [pid 2177602:tid 140240166769792] AH00493: SIGUSR1 received.  Doing graceful restart
[Tue Nov 02 20:51:52.933464 2021] [fcgid:info] [pid 2177618:tid 140240166769792] mod_fcgid: process /usr/bin/env(2177934) exit(shutting down), terminated by calling exit(), return code: 0
[Tue Nov 02 20:51:52.933497 2021] [fcgid:info] [pid 2177618:tid 140240166769792] mod_fcgid: Process manager 2177618 stopped
[Tue Nov 02 20:51:52.940303 2021] [mpm_event:notice] [pid 2177602:tid 140240166769792] AH00489: Apache/2.4.43 (Unix) mod_fcgid/2.3.9 configured -- resuming normal operations
[Tue Nov 02 20:51:52.940318 2021] [mpm_event:info] [pid 2177602:tid 140240166769792] AH00490: Server built: Jul 17 2020 12:36:16
[Tue Nov 02 20:51:52.940323 2021] [core:notice] [pid 2177602:tid 140240166769792] AH00094: Command line: '/usr/alwaysdata/apache/2.4.43/bin/apache -f /home/younes/admin/config/apache/apache.conf -D FOREGROUND'
[Tue Nov 02 20:51:52.940325 2021] [fcgid:info] [pid 2276431:tid 140240166769792] mod_fcgid: Process manager 2276431 started
[Tue Nov 02 20:51:53.756602 2021] [fcgid:info] [pid 2276431:tid 140240166769792] mod_fcgid: server www.spikeexcel.ga:/usr/bin/env(2276760) started
[Tue Nov 02 20:52:15.625365 2021] [mpm_event:notice] [pid 2177602:tid 140240166769792] AH00493: SIGUSR1 received.  Doing graceful restart
[Tue Nov 02 20:52:15.711853 2021] [fcgid:info] [pid 2276431:tid 140240166769792] mod_fcgid: process /usr/bin/env(2276760) exit(shutting down), terminated by calling exit(), return code: 0
[Tue Nov 02 20:52:15.711881 2021] [fcgid:info] [pid 2276431:tid 140240166769792] mod_fcgid: Process manager 2276431 stopped
[Tue Nov 02 20:52:15.717401 2021] [mpm_event:notice] [pid 2177602:tid 140240166769792] AH00489: Apache/2.4.43 (Unix) mod_fcgid/2.3.9 configured -- resuming normal operations
[Tue Nov 02 20:52:15.717414 2021] [mpm_event:info] [pid 2177602:tid 140240166769792] AH00490: Server built: Jul 17 2020 12:36:16
[Tue Nov 02 20:52:15.717419 2021] [core:notice] [pid 2177602:tid 140240166769792] AH00094: Command line: '/usr/alwaysdata/apache/2.4.43/bin/apache -f /home/younes/admin/config/apache/apache.conf -D FOREGROUND'
[Tue Nov 02 20:52:15.717446 2021] [fcgid:info] [pid 2278492:tid 140240166769792] mod_fcgid: Process manager 2278492 started
[Tue Nov 02 20:52:16.831173 2021] [mpm_event:notice] [pid 2177602:tid 140240166769792] AH00493: SIGUSR1 received.  Doing graceful restart
[Tue Nov 02 20:52:16.851882 2021] [fcgid:info] [pid 2278492:tid 140240166769792] mod_fcgid: Process manager 2278492 stopped
[Tue Nov 02 20:52:16.883538 2021] [mpm_event:notice] [pid 2177602:tid 140240166769792] AH00489: Apache/2.4.43 (Unix) mod_fcgid/2.3.9 configured -- resuming normal operations
[Tue Nov 02 20:52:16.883553 2021] [mpm_event:info] [pid 2177602:tid 140240166769792] AH00490: Server built: Jul 17 2020 12:36:16
[Tue Nov 02 20:52:16.883557 2021] [core:notice] [pid 2177602:tid 140240166769792] AH00094: Command line: '/usr/alwaysdata/apache/2.4.43/bin/apache -f /home/younes/admin/config/apache/apache.conf -D FOREGROUND'
[Tue Nov 02 20:52:16.883579 2021] [fcgid:info] [pid 2278876:tid 140240166769792] mod_fcgid: Process manager 2278876 started
[Tue Nov 02 20:52:18.764896 2021] [fcgid:info] [pid 2278876:tid 140240166769792] mod_fcgid: server www.spikeexcel.ga:/usr/bin/env(2279353) started
sendmail: no recipients found
sendmail: no recipients found
sendmail: no recipients found
sendmail: no recipients found
sendmail: no recipients found
sendmail: no recipients found
sendmail: no recipients found
sendmail: no recipients found
sendmail: no recipients found
sendmail: no recipients found
sendmail: no recipients found
[Tue Nov 02 22:11:00.491863 2021] [core:error] [pid 2177602:tid 140240166769792] (21)Is a directory: AH00095: failed to remove PID file /home/younes/admin/config/apache/
[Tue Nov 02 22:11:00.491898 2021] [mpm_event:notice] [pid 2177602:tid 140240166769792] AH00491: caught SIGTERM, shutting down
[Tue Nov 02 22:11:00.568363 2021] [fcgid:info] [pid 2278876:tid 140240166769792] mod_fcgid: process /usr/bin/env(2279353) exit(shutting down), terminated by calling exit(), return code: 255
[Tue Nov 02 22:11:00.568390 2021] [fcgid:info] [pid 2278876:tid 140240166769792] mod_fcgid: Process manager 2278876 stopped
[Tue Nov 02 22:25:57.741017 2021] [fcgid:info] [pid 2677292:tid 140500732347520] mod_fcgid: Process manager 2677292 started
[Tue Nov 02 22:25:57.741951 2021] [mpm_event:notice] [pid 2677284:tid 140500732347520] AH00489: Apache/2.4.43 (Unix) mod_fcgid/2.3.9 configured -- resuming normal operations
[Tue Nov 02 22:25:57.742001 2021] [mpm_event:info] [pid 2677284:tid 140500732347520] AH00490: Server built: Jul 17 2020 12:36:16
[Tue Nov 02 22:25:57.742007 2021] [core:notice] [pid 2677284:tid 140500732347520] AH00094: Command line: '/usr/alwaysdata/apache/2.4.43/bin/apache -f /home/younes/admin/config/apache/apache.conf -D FOREGROUND'
[Tue Nov 02 22:25:57.975218 2021] [fcgid:info] [pid 2677292:tid 140500732347520] mod_fcgid: server www.spikeexcel.ga:/usr/bin/env(2677566) started
[Tue Nov 02 22:56:31.231551 2021] [core:error] [pid 2677284:tid 140500732347520] (21)Is a directory: AH00095: failed to remove PID file /home/younes/admin/config/apache/
[Tue Nov 02 22:56:31.231588 2021] [mpm_event:notice] [pid 2677284:tid 140500732347520] AH00491: caught SIGTERM, shutting down
[Tue Nov 02 22:56:31.308059 2021] [fcgid:info] [pid 2677292:tid 140500732347520] mod_fcgid: process /usr/bin/env(2677566) exit(shutting down), terminated by calling exit(), return code: 0
[Tue Nov 02 22:56:31.308088 2021] [fcgid:info] [pid 2677292:tid 140500732347520] mod_fcgid: Process manager 2677292 stopped
[Tue Nov 02 23:30:23.608602 2021] [fcgid:info] [pid 2945439:tid 140696182486144] mod_fcgid: Process manager 2945439 started
[Tue Nov 02 23:30:23.609655 2021] [mpm_event:notice] [pid 2945429:tid 140696182486144] AH00489: Apache/2.4.43 (Unix) mod_fcgid/2.3.9 configured -- resuming normal operations
[Tue Nov 02 23:30:23.609708 2021] [mpm_event:info] [pid 2945429:tid 140696182486144] AH00490: Server built: Jul 17 2020 12:36:16
[Tue Nov 02 23:30:23.609714 2021] [core:notice] [pid 2945429:tid 140696182486144] AH00094: Command line: '/usr/alwaysdata/apache/2.4.43/bin/apache -f /home/younes/admin/config/apache/apache.conf -D FOREGROUND'
[Tue Nov 02 23:30:23.840804 2021] [fcgid:info] [pid 2945439:tid 140696182486144] mod_fcgid: server spikeexcel.ga:/usr/bin/env(2945707) started
[Wed Nov 03 00:00:32.257365 2021] [core:error] [pid 2945429:tid 140696182486144] (21)Is a directory: AH00095: failed to remove PID file /home/younes/admin/config/apache/
[Wed Nov 03 00:00:32.257407 2021] [mpm_event:notice] [pid 2945429:tid 140696182486144] AH00491: caught SIGTERM, shutting down
[Wed Nov 03 00:00:32.333817 2021] [fcgid:info] [pid 2945439:tid 140696182486144] mod_fcgid: process /usr/bin/env(2945707) exit(shutting down), terminated by calling exit(), return code: 0
[Wed Nov 03 00:00:32.333851 2021] [fcgid:info] [pid 2945439:tid 140696182486144] mod_fcgid: Process manager 2945439 stopped
[Wed Nov 03 03:43:27.485457 2021] [fcgid:info] [pid 3843554:tid 140574516053120] mod_fcgid: Process manager 3843554 started
[Wed Nov 03 03:43:27.486434 2021] [mpm_event:notice] [pid 3843542:tid 140574516053120] AH00489: Apache/2.4.43 (Unix) mod_fcgid/2.3.9 configured -- resuming normal operations
[Wed Nov 03 03:43:27.486488 2021] [mpm_event:info] [pid 3843542:tid 140574516053120] AH00490: Server built: Jul 17 2020 12:36:16
[Wed Nov 03 03:43:27.486494 2021] [core:notice] [pid 3843542:tid 140574516053120] AH00094: Command line: '/usr/alwaysdata/apache/2.4.43/bin/apache -f /home/younes/admin/config/apache/apache.conf -D FOREGROUND'
[Wed Nov 03 03:43:27.718239 2021] [fcgid:info] [pid 3843554:tid 140574516053120] mod_fcgid: server spikeexcel.ga:/usr/bin/env(3843839) started
[Wed Nov 03 03:43:30.844142 2021] [core:info] [pid 3843555:tid 140574405420800] [client 8.218.96.55:0] AH00128: File does not exist: /home/younes/spikeexcel/sitemap.xml
[Wed Nov 03 03:43:31.084466 2021] [core:info] [pid 3843555:tid 140574388635392] [client 8.218.96.55:0] AH00128: File does not exist: /home/younes/spikeexcel/robots.txt
[Wed Nov 03 04:15:07.020584 2021] [core:error] [pid 3843542:tid 140574516053120] (21)Is a directory: AH00095: failed to remove PID file /home/younes/admin/config/apache/
[Wed Nov 03 04:15:07.020619 2021] [mpm_event:notice] [pid 3843542:tid 140574516053120] AH00491: caught SIGTERM, shutting down
[Wed Nov 03 04:15:07.097115 2021] [fcgid:info] [pid 3843554:tid 140574516053120] mod_fcgid: process /usr/bin/env(3843839) exit(shutting down), terminated by calling exit(), return code: 0
[Wed Nov 03 04:15:07.097142 2021] [fcgid:info] [pid 3843554:tid 140574516053120] mod_fcgid: Process manager 3843554 stopped
[Wed Nov 03 04:18:55.387601 2021] [fcgid:info] [pid 4022809:tid 140012049372288] mod_fcgid: Process manager 4022809 started
[Wed Nov 03 04:18:55.388615 2021] [mpm_event:notice] [pid 4022799:tid 140012049372288] AH00489: Apache/2.4.43 (Unix) mod_fcgid/2.3.9 configured -- resuming normal operations
[Wed Nov 03 04:18:55.388674 2021] [mpm_event:info] [pid 4022799:tid 140012049372288] AH00490: Server built: Jul 17 2020 12:36:16
[Wed Nov 03 04:18:55.388680 2021] [core:notice] [pid 4022799:tid 140012049372288] AH00094: Command line: '/usr/alwaysdata/apache/2.4.43/bin/apache -f /home/younes/admin/config/apache/apache.conf -D FOREGROUND'
[Wed Nov 03 04:49:07.677299 2021] [core:error] [pid 4022799:tid 140012049372288] (21)Is a directory: AH00095: failed to remove PID file /home/younes/admin/config/apache/
[Wed Nov 03 04:49:07.677345 2021] [mpm_event:notice] [pid 4022799:tid 140012049372288] AH00491: caught SIGTERM, shutting down
[Wed Nov 03 04:49:07.688257 2021] [fcgid:info] [pid 4022809:tid 140012049372288] mod_fcgid: Process manager 4022809 stopped
[Wed Nov 03 06:03:02.834240 2021] [fcgid:info] [pid 161294:tid 140513856267392] mod_fcgid: Process manager 161294 started
[Wed Nov 03 06:03:02.835259 2021] [mpm_event:notice] [pid 161284:tid 140513856267392] AH00489: Apache/2.4.43 (Unix) mod_fcgid/2.3.9 configured -- resuming normal operations
[Wed Nov 03 06:03:02.835309 2021] [mpm_event:info] [pid 161284:tid 140513856267392] AH00490: Server built: Jul 17 2020 12:36:16
[Wed Nov 03 06:03:02.835315 2021] [core:notice] [pid 161284:tid 140513856267392] AH00094: Command line: '/usr/alwaysdata/apache/2.4.43/bin/apache -f /home/younes/admin/config/apache/apache.conf -D FOREGROUND'
[Wed Nov 03 06:03:03.065683 2021] [fcgid:info] [pid 161294:tid 140513856267392] mod_fcgid: server spikeexcel.ga:/usr/bin/env(161566) started
[Wed Nov 03 06:03:05.768528 2021] [core:info] [pid 161295:tid 140513747400448] [client 8.218.119.26:0] AH00128: File does not exist: /home/younes/spikeexcel/sitemap.xml
[Wed Nov 03 06:03:06.874165 2021] [core:info] [pid 161295:tid 140513730615040] [client 8.218.119.26:0] AH00128: File does not exist: /home/younes/spikeexcel/robots.txt
[Wed Nov 03 06:33:09.731409 2021] [core:error] [pid 161284:tid 140513856267392] (21)Is a directory: AH00095: failed to remove PID file /home/younes/admin/config/apache/
[Wed Nov 03 06:33:09.731444 2021] [mpm_event:notice] [pid 161284:tid 140513856267392] AH00491: caught SIGTERM, shutting down
[Wed Nov 03 06:33:09.807849 2021] [fcgid:info] [pid 161294:tid 140513856267392] mod_fcgid: process /usr/bin/env(161566) exit(shutting down), terminated by calling exit(), return code: 0
[Wed Nov 03 06:33:09.807874 2021] [fcgid:info] [pid 161294:tid 140513856267392] mod_fcgid: Process manager 161294 stopped
[Wed Nov 03 08:49:49.540516 2021] [fcgid:info] [pid 769694:tid 140415171568768] mod_fcgid: Process manager 769694 started
[Wed Nov 03 08:49:49.541987 2021] [mpm_event:notice] [pid 769678:tid 140415171568768] AH00489: Apache/2.4.43 (Unix) mod_fcgid/2.3.9 configured -- resuming normal operations
