[Mon Nov 15 05:32:43.442673 2021] [core:notice] [pid 753166:tid 140702843319424] AH00094: Command line: '/usr/alwaysdata/apache/2.4.43/bin/apache -f /home/younes/admin/config/apache/apache.conf -D FOREGROUND'
[Mon Nov 15 06:02:57.925564 2021] [core:error] [pid 753166:tid 140702843319424] (21)Is a directory: AH00095: failed to remove PID file /home/younes/admin/config/apache/
[Mon Nov 15 06:02:57.925587 2021] [mpm_event:notice] [pid 753166:tid 140702843319424] AH00491: caught SIGTERM, shutting down
[Mon Nov 15 06:02:57.936403 2021] [fcgid:info] [pid 753176:tid 140702843319424] mod_fcgid: Process manager 753176 stopped
[Mon Nov 15 06:15:51.076292 2021] [fcgid:info] [pid 905093:tid 140366750581888] mod_fcgid: Process manager 905093 started
[Mon Nov 15 06:15:51.077292 2021] [mpm_event:notice] [pid 905085:tid 140366750581888] AH00489: Apache/2.4.43 (Unix) mod_fcgid/2.3.9 configured -- resuming normal operations
[Mon Nov 15 06:15:51.077348 2021] [mpm_event:info] [pid 905085:tid 140366750581888] AH00490: Server built: Jul 17 2020 12:36:16
[Mon Nov 15 06:15:51.077354 2021] [core:notice] [pid 905085:tid 140366750581888] AH00094: Command line: '/usr/alwaysdata/apache/2.4.43/bin/apache -f /home/younes/admin/config/apache/apache.conf -D FOREGROUND'
[Mon Nov 15 06:45:59.107678 2021] [core:error] [pid 905085:tid 140366750581888] (21)Is a directory: AH00095: failed to remove PID file /home/younes/admin/config/apache/
[Mon Nov 15 06:45:59.107933 2021] [mpm_event:notice] [pid 905085:tid 140366750581888] AH00491: caught SIGTERM, shutting down
[Mon Nov 15 06:45:59.118830 2021] [fcgid:info] [pid 905093:tid 140366750581888] mod_fcgid: Process manager 905093 stopped
[Mon Nov 15 09:27:47.063516 2021] [fcgid:info] [pid 1749577:tid 140024330892416] mod_fcgid: Process manager 1749577 started
[Mon Nov 15 09:27:47.064531 2021] [mpm_event:notice] [pid 1749567:tid 140024330892416] AH00489: Apache/2.4.43 (Unix) mod_fcgid/2.3.9 configured -- resuming normal operations
[Mon Nov 15 09:27:47.064587 2021] [mpm_event:info] [pid 1749567:tid 140024330892416] AH00490: Server built: Jul 17 2020 12:36:16
[Mon Nov 15 09:27:47.064592 2021] [core:notice] [pid 1749567:tid 140024330892416] AH00094: Command line: '/usr/alwaysdata/apache/2.4.43/bin/apache -f /home/younes/admin/config/apache/apache.conf -D FOREGROUND'
[Mon Nov 15 09:52:10.050613 2021] [fcgid:info] [pid 1749577:tid 140024330892416] mod_fcgid: server spikeexcel.ga:/usr/bin/env(1845357) started
[Mon Nov 15 09:53:44.929274 2021] [core:info] [pid 1749578:tid 140016344565504] [client 154.121.41.89:0] AH00128: File does not exist: /home/younes/spikeexcel/favicon.ico, referer: http://spikeexcel.ga/auth/password/password-forgot.php
[Mon Nov 15 09:55:16.477173 2021] [core:info] [pid 1749578:tid 140016243853056] [client 154.121.41.89:0] AH00128: File does not exist: /home/younes/spikeexcel/favicon.ico, referer: https://spikeexcel.ga/auth/password/token.php?token=72046414661922027053b5
[Mon Nov 15 09:56:07.369039 2021] [core:info] [pid 1749578:tid 140022242080512] [client 154.121.41.89:0] AH00128: File does not exist: /home/younes/spikeexcel/index.html, referer: https://spikeexcel.ga/index.php
[Mon Nov 15 09:56:51.104911 2021] [core:info] [pid 1749578:tid 140020052633344] [client 154.121.41.89:0] AH00128: File does not exist: /home/younes/spikeexcel/profile/assets/img/logo.png, referer: https://spikeexcel.ga/profile/profile.php
[Mon Nov 15 09:58:00.963631 2021] [fcgid:warn] [pid 1749578:tid 140016974018304] (32)Broken pipe: [client 154.121.41.89:0] mod_fcgid: ap_pass_brigade failed in handle_request_ipc function, referer: https://spikeexcel.ga/profile/profile.php
[Mon Nov 15 09:58:02.200007 2021] [core:info] [pid 1749578:tid 140016948840192] [client 154.121.41.89:0] AH00128: File does not exist: /home/younes/spikeexcel/profile/assets/img/logo.png, referer: https://spikeexcel.ga/profile/profile.php
[Mon Nov 15 09:58:03.822800 2021] [core:info] [pid 1749578:tid 140016915269376] [client 154.121.41.89:0] AH00128: File does not exist: /home/younes/spikeexcel/profile/assets/img/logo.png, referer: https://spikeexcel.ga/profile/profile.php
[Mon Nov 15 09:58:34.245519 2021] [core:info] [pid 1749578:tid 140016848127744] [client 154.121.41.89:0] AH00128: File does not exist: /home/younes/spikeexcel/profile/assets/img/logo.png, referer: https://spikeexcel.ga/profile/profile.php?error=profile_avatar2
[Mon Nov 15 09:58:34.247961 2021] [autoindex:error] [pid 1749578:tid 140016831342336] [client 154.121.41.89:0] AH01276: Cannot serve directory /home/younes/spikeexcel/assets/php/avatar/imadhakem9@gmail.com/: No matching DirectoryIndex (index.php,index.html) found, and server-generated directory index forbidden by Options directive, referer: https://spikeexcel.ga/profile/profile.php?error=profile_avatar2
[Mon Nov 15 09:59:09.345724 2021] [core:info] [pid 1749578:tid 140016671880960] [client 154.121.41.89:0] AH00128: File does not exist: /home/younes/spikeexcel/profile/assets/img/logo.png, referer: https://spikeexcel.ga/profile/profile.php?error=profile_avatar2
[Mon Nov 15 09:59:09.363814 2021] [autoindex:error] [pid 1749578:tid 140016655095552] [client 154.121.41.89:0] AH01276: Cannot serve directory /home/younes/spikeexcel/assets/php/avatar/imadhakem9@gmail.com/: No matching DirectoryIndex (index.php,index.html) found, and server-generated directory index forbidden by Options directive, referer: https://spikeexcel.ga/profile/profile.php?error=profile_avatar2
[Mon Nov 15 10:01:03.175663 2021] [core:info] [pid 1749578:tid 140016512419584] [client 154.121.41.89:0] AH00128: File does not exist: /home/younes/spikeexcel/profile/assets/img/logo.png, referer: https://spikeexcel.ga/profile/profile_settings.php
[Mon Nov 15 10:01:46.136663 2021] [core:info] [pid 1749578:tid 140016478848768] [client 154.121.41.89:0] AH00128: File does not exist: /home/younes/spikeexcel/profile/assets/img/logo.png, referer: https://spikeexcel.ga/profile/profile_settings.php
[Mon Nov 15 10:01:53.609461 2021] [core:info] [pid 1749578:tid 140016445277952] [client 154.121.41.89:0] AH00128: File does not exist: /home/younes/spikeexcel/profile/assets/img/logo.png, referer: https://spikeexcel.ga/profile/profile_settings.php
[Mon Nov 15 10:01:55.107621 2021] [core:info] [pid 1749578:tid 140016411707136] [client 154.121.41.89:0] AH00128: File does not exist: /home/younes/spikeexcel/profile/assets/img/logo.png, referer: https://spikeexcel.ga/profile/profile_settings.php
[Mon Nov 15 10:32:35.936999 2021] [core:error] [pid 1749567:tid 140024330892416] (21)Is a directory: AH00095: failed to remove PID file /home/younes/admin/config/apache/
[Mon Nov 15 10:32:35.937031 2021] [mpm_event:notice] [pid 1749567:tid 140024330892416] AH00491: caught SIGTERM, shutting down
[Mon Nov 15 10:32:36.013727 2021] [fcgid:info] [pid 1749577:tid 140024330892416] mod_fcgid: process /usr/bin/env(1845357) exit(shutting down), terminated by calling exit(), return code: 0
[Mon Nov 15 10:32:36.013765 2021] [fcgid:info] [pid 1749577:tid 140024330892416] mod_fcgid: Process manager 1749577 stopped
[Mon Nov 15 10:56:19.246508 2021] [fcgid:info] [pid 2137388:tid 140203944690816] mod_fcgid: Process manager 2137388 started
[Mon Nov 15 10:56:19.247605 2021] [mpm_event:notice] [pid 2137372:tid 140203944690816] AH00489: Apache/2.4.43 (Unix) mod_fcgid/2.3.9 configured -- resuming normal operations
[Mon Nov 15 10:56:19.247670 2021] [mpm_event:info] [pid 2137372:tid 140203944690816] AH00490: Server built: Jul 17 2020 12:36:16
[Mon Nov 15 10:56:19.247677 2021] [core:notice] [pid 2137372:tid 140203944690816] AH00094: Command line: '/usr/alwaysdata/apache/2.4.43/bin/apache -f /home/younes/admin/config/apache/apache.conf -D FOREGROUND'
[Mon Nov 15 10:56:19.481193 2021] [fcgid:info] [pid 2137388:tid 140203944690816] mod_fcgid: server spikeexcel.ga:/usr/bin/env(2137665) started
[Mon Nov 15 10:56:19.796657 2021] [core:info] [pid 2137389:tid 140203838666496] [client 154.121.41.89:0] AH00128: File does not exist: /home/younes/spikeexcel/profile/assets/img/logo.png, referer: https://spikeexcel.ga/profile/profile_settings.php
[Mon Nov 15 10:58:38.302318 2021] [core:info] [pid 2137389:tid 140203805095680] [client 154.121.41.89:0] AH00128: File does not exist: /home/younes/spikeexcel/profile/assets/img/logo.png, referer: https://spikeexcel.ga/profile/profile_settings.php
[Mon Nov 15 10:58:39.984337 2021] [core:info] [pid 2137389:tid 140203360511744] [client 154.121.41.89:0] AH00128: File does not exist: /home/younes/spikeexcel/profile/assets/img/logo.png, referer: https://spikeexcel.ga/profile/profile_settings.php
[Mon Nov 15 11:00:05.256864 2021] [core:info] [pid 2137389:tid 140201590503168] [client 154.121.41.89:0] AH00128: File does not exist: /home/younes/spikeexcel/assets/fonts/Nunito/Nunito-SemiBold.woff2, referer: https://spikeexcel.ga/assets/css/services/style.css
[Mon Nov 15 11:00:05.256864 2021] [core:info] [pid 2137389:tid 140201582110464] [client 154.121.41.89:0] AH00128: File does not exist: /home/younes/spikeexcel/assets/fonts/Nunito/Nunito-Bold.woff2, referer: https://spikeexcel.ga/assets/css/services/style.css
[Mon Nov 15 11:00:05.256883 2021] [core:info] [pid 2137389:tid 140201087203072] [client 154.121.41.89:0] AH00128: File does not exist: /home/younes/spikeexcel/assets/fonts/Nunito/Nunito-Regular.woff2, referer: https://spikeexcel.ga/assets/css/services/style.css
[Mon Nov 15 11:00:06.961063 2021] [core:info] [pid 2137389:tid 140201045239552] [client 154.121.41.89:0] AH00128: File does not exist: /home/younes/spikeexcel/assets/fonts/Nunito/Nunito-SemiBold.woff, referer: https://spikeexcel.ga/assets/css/services/style.css
[Mon Nov 15 11:00:06.978024 2021] [core:info] [pid 2137389:tid 140200541939456] [client 154.121.41.89:0] AH00128: File does not exist: /home/younes/spikeexcel/assets/fonts/Nunito/Nunito-Regular.woff, referer: https://spikeexcel.ga/assets/css/services/style.css
[Mon Nov 15 11:00:06.978025 2021] [core:info] [pid 2137389:tid 140200550332160] [client 154.121.41.89:0] AH00128: File does not exist: /home/younes/spikeexcel/assets/fonts/Nunito/Nunito-Bold.woff, referer: https://spikeexcel.ga/assets/css/services/style.css
[Mon Nov 15 11:00:08.846009 2021] [core:info] [pid 2137389:tid 140200516761344] [client 154.121.41.89:0] AH00128: File does not exist: /home/younes/spikeexcel/assets/fonts/Nunito/Nunito-SemiBold.ttf, referer: https://spikeexcel.ga/assets/css/services/style.css
[Mon Nov 15 11:00:08.858066 2021] [core:info] [pid 2137389:tid 140200499975936] [client 154.121.41.89:0] AH00128: File does not exist: /home/younes/spikeexcel/assets/fonts/Nunito/Nunito-Regular.ttf, referer: https://spikeexcel.ga/assets/css/services/style.css
[Mon Nov 15 11:00:08.858088 2021] [core:info] [pid 2137389:tid 140200013461248] [client 154.121.41.89:0] AH00128: File does not exist: /home/younes/spikeexcel/assets/fonts/Nunito/Nunito-Bold.ttf, referer: https://spikeexcel.ga/assets/css/services/style.css
[Mon Nov 15 11:00:09.030148 2021] [core:info] [pid 2137389:tid 140199979890432] [client 154.121.41.89:0] AH00128: File does not exist: /home/younes/spikeexcel/services/images/favicon.png, referer: https://spikeexcel.ga/services/services.php
[Mon Nov 15 11:30:37.871494 2021] [core:error] [pid 2137372:tid 140203944690816] (21)Is a directory: AH00095: failed to remove PID file /home/younes/admin/config/apache/
[Mon Nov 15 11:30:37.871521 2021] [mpm_event:notice] [pid 2137372:tid 140203944690816] AH00491: caught SIGTERM, shutting down
[Mon Nov 15 11:30:37.948022 2021] [fcgid:info] [pid 2137388:tid 140203944690816] mod_fcgid: process /usr/bin/env(2137665) exit(shutting down), terminated by calling exit(), return code: 0
[Mon Nov 15 11:30:37.948066 2021] [fcgid:info] [pid 2137388:tid 140203944690816] mod_fcgid: Process manager 2137388 stopped
[Mon Nov 15 11:51:28.570871 2021] [fcgid:info] [pid 2402482:tid 140326020232320] mod_fcgid: Process manager 2402482 started
[Mon Nov 15 11:51:28.571897 2021] [mpm_event:notice] [pid 2402474:tid 140326020232320] AH00489: Apache/2.4.43 (Unix) mod_fcgid/2.3.9 configured -- resuming normal operations
[Mon Nov 15 11:51:28.571951 2021] [mpm_event:info] [pid 2402474:tid 140326020232320] AH00490: Server built: Jul 17 2020 12:36:16
[Mon Nov 15 11:51:28.571962 2021] [core:notice] [pid 2402474:tid 140326020232320] AH00094: Command line: '/usr/alwaysdata/apache/2.4.43/bin/apache -f /home/younes/admin/config/apache/apache.conf -D FOREGROUND'
[Mon Nov 15 12:21:39.513138 2021] [core:error] [pid 2402474:tid 140326020232320] (21)Is a directory: AH00095: failed to remove PID file /home/younes/admin/config/apache/
[Mon Nov 15 12:21:39.513227 2021] [mpm_event:notice] [pid 2402474:tid 140326020232320] AH00491: caught SIGTERM, shutting down
[Mon Nov 15 12:21:39.524062 2021] [fcgid:info] [pid 2402482:tid 140326020232320] mod_fcgid: Process manager 2402482 stopped
[Mon Nov 15 12:27:37.621042 2021] [fcgid:info] [pid 2573645:tid 140486441964672] mod_fcgid: Process manager 2573645 started
[Mon Nov 15 12:27:37.622274 2021] [mpm_event:notice] [pid 2573609:tid 140486441964672] AH00489: Apache/2.4.43 (Unix) mod_fcgid/2.3.9 configured -- resuming normal operations
[Mon Nov 15 12:27:37.623456 2021] [mpm_event:info] [pid 2573609:tid 140486441964672] AH00490: Server built: Jul 17 2020 12:36:16
[Mon Nov 15 12:27:37.623471 2021] [core:notice] [pid 2573609:tid 140486441964672] AH00094: Command line: '/usr/alwaysdata/apache/2.4.43/bin/apache -f /home/younes/admin/config/apache/apache.conf -D FOREGROUND'
[Mon Nov 15 12:50:43.843652 2021] [core:error] [pid 2573609:tid 140486441964672] (21)Is a directory: AH00095: failed to remove PID file /home/younes/admin/config/apache/
[Mon Nov 15 12:50:43.843695 2021] [mpm_event:notice] [pid 2573609:tid 140486441964672] AH00491: caught SIGTERM, shutting down
[Mon Nov 15 12:50:43.854511 2021] [fcgid:info] [pid 2573645:tid 140486441964672] mod_fcgid: Process manager 2573645 stopped
[Mon Nov 15 17:53:28.715885 2021] [fcgid:info] [pid 198533:tid 140391280399488] mod_fcgid: Process manager 198533 started
[Mon Nov 15 17:53:28.717093 2021] [mpm_event:notice] [pid 198516:tid 140391280399488] AH00489: Apache/2.4.43 (Unix) mod_fcgid/2.3.9 configured -- resuming normal operations
[Mon Nov 15 17:53:28.717150 2021] [mpm_event:info] [pid 198516:tid 140391280399488] AH00490: Server built: Jul 17 2020 12:36:16
[Mon Nov 15 17:53:28.717162 2021] [core:notice] [pid 198516:tid 140391280399488] AH00094: Command line: '/usr/alwaysdata/apache/2.4.43/bin/apache -f /home/younes/admin/config/apache/apache.conf -D FOREGROUND'
[Mon Nov 15 17:53:28.947770 2021] [fcgid:info] [pid 198533:tid 140391280399488] mod_fcgid: server www.spikemusic.gq:/usr/bin/env(198801) started
[Mon Nov 15 18:23:40.658031 2021] [core:error] [pid 198516:tid 140391280399488] (21)Is a directory: AH00095: failed to remove PID file /home/younes/admin/config/apache/
[Mon Nov 15 18:23:40.658062 2021] [mpm_event:notice] [pid 198516:tid 140391280399488] AH00491: caught SIGTERM, shutting down
[Mon Nov 15 18:23:40.734687 2021] [fcgid:info] [pid 198533:tid 140391280399488] mod_fcgid: process /usr/bin/env(198801) exit(shutting down), terminated by calling exit(), return code: 0
[Mon Nov 15 18:23:40.734726 2021] [fcgid:info] [pid 198533:tid 140391280399488] mod_fcgid: Process manager 198533 stopped
[Tue Nov 16 08:13:13.007429 2021] [fcgid:info] [pid 127505:tid 140368590333056] mod_fcgid: Process manager 127505 started
[Tue Nov 16 08:13:13.008433 2021] [mpm_event:notice] [pid 127497:tid 140368590333056] AH00489: Apache/2.4.43 (Unix) mod_fcgid/2.3.9 configured -- resuming normal operations
[Tue Nov 16 08:13:13.008495 2021] [mpm_event:info] [pid 127497:tid 140368590333056] AH00490: Server built: Jul 17 2020 12:36:16
[Tue Nov 16 08:13:13.008501 2021] [core:notice] [pid 127497:tid 140368590333056] AH00094: Command line: '/usr/alwaysdata/apache/2.4.43/bin/apache -f /home/younes/admin/config/apache/apache.conf -D FOREGROUND'
[Tue Nov 16 08:13:13.239280 2021] [fcgid:info] [pid 127505:tid 140368590333056] mod_fcgid: server www.spikeexcel.ga:/usr/bin/env(127772) started
[Tue Nov 16 08:43:28.138791 2021] [core:error] [pid 127497:tid 140368590333056] (21)Is a directory: AH00095: failed to remove PID file /home/younes/admin/config/apache/
[Tue Nov 16 08:43:28.138823 2021] [mpm_event:notice] [pid 127497:tid 140368590333056] AH00491: caught SIGTERM, shutting down
[Tue Nov 16 08:43:28.215354 2021] [fcgid:info] [pid 127505:tid 140368590333056] mod_fcgid: process /usr/bin/env(127772) exit(shutting down), terminated by calling exit(), return code: 0
[Tue Nov 16 08:43:28.215386 2021] [fcgid:info] [pid 127505:tid 140368590333056] mod_fcgid: Process manager 127505 stopped
[Tue Nov 16 08:51:34.637303 2021] [fcgid:info] [pid 264371:tid 139642651382912] mod_fcgid: Process manager 264371 started
[Tue Nov 16 08:51:34.638337 2021] [mpm_event:notice] [pid 264359:tid 139642651382912] AH00489: Apache/2.4.43 (Unix) mod_fcgid/2.3.9 configured -- resuming normal operations
[Tue Nov 16 08:51:34.638392 2021] [mpm_event:info] [pid 264359:tid 139642651382912] AH00490: Server built: Jul 17 2020 12:36:16
[Tue Nov 16 08:51:34.638398 2021] [core:notice] [pid 264359:tid 139642651382912] AH00094: Command line: '/usr/alwaysdata/apache/2.4.43/bin/apache -f /home/younes/admin/config/apache/apache.conf -D FOREGROUND'
[Tue Nov 16 08:51:34.869598 2021] [core:info] [pid 264372:tid 139642624091904] [client 123.163.114.254:0] AH00128: File does not exist: /home/younes/www/favicon.ico
[Tue Nov 16 09:21:59.054643 2021] [core:error] [pid 264359:tid 139642651382912] (21)Is a directory: AH00095: failed to remove PID file /home/younes/admin/config/apache/
[Tue Nov 16 09:21:59.054677 2021] [mpm_event:notice] [pid 264359:tid 139642651382912] AH00491: caught SIGTERM, shutting down
[Tue Nov 16 09:21:59.065347 2021] [fcgid:info] [pid 264371:tid 139642651382912] mod_fcgid: Process manager 264371 stopped
[Tue Nov 16 15:39:18.186422 2021] [fcgid:info] [pid 2114036:tid 140204763112576] mod_fcgid: Process manager 2114036 started
[Tue Nov 16 15:39:18.187504 2021] [mpm_event:notice] [pid 2114026:tid 140204763112576] AH00489: Apache/2.4.43 (Unix) mod_fcgid/2.3.9 configured -- resuming normal operations
[Tue Nov 16 15:39:18.187559 2021] [mpm_event:info] [pid 2114026:tid 140204763112576] AH00490: Server built: Jul 17 2020 12:36:16
[Tue Nov 16 15:39:18.187565 2021] [core:notice] [pid 2114026:tid 140204763112576] AH00094: Command line: '/usr/alwaysdata/apache/2.4.43/bin/apache -f /home/younes/admin/config/apache/apache.conf -D FOREGROUND'
[Tue Nov 16 16:01:45.790558 2021] [fcgid:info] [pid 2114036:tid 140204763112576] mod_fcgid: server spikemusic.gq:/usr/bin/env(2223302) started
[Tue Nov 16 16:53:42.260800 2021] [core:error] [pid 2114026:tid 140204763112576] (21)Is a directory: AH00095: failed to remove PID file /home/younes/admin/config/apache/
[Tue Nov 16 16:53:42.260829 2021] [mpm_event:notice] [pid 2114026:tid 140204763112576] AH00491: caught SIGTERM, shutting down
[Tue Nov 16 16:53:42.337319 2021] [fcgid:info] [pid 2114036:tid 140204763112576] mod_fcgid: process /usr/bin/env(2223302) exit(shutting down), terminated by calling exit(), return code: 0
[Tue Nov 16 16:53:42.337342 2021] [fcgid:info] [pid 2114036:tid 140204763112576] mod_fcgid: Process manager 2114036 stopped
[Tue Nov 16 23:19:38.020776 2021] [fcgid:info] [pid 215984:tid 140054680540288] mod_fcgid: Process manager 215984 started
[Tue Nov 16 23:19:38.021678 2021] [mpm_event:notice] [pid 215976:tid 140054680540288] AH00489: Apache/2.4.43 (Unix) mod_fcgid/2.3.9 configured -- resuming normal operations
[Tue Nov 16 23:19:38.021733 2021] [mpm_event:info] [pid 215976:tid 140054680540288] AH00490: Server built: Jul 17 2020 12:36:16
[Tue Nov 16 23:19:38.021738 2021] [core:notice] [pid 215976:tid 140054680540288] AH00094: Command line: '/usr/alwaysdata/apache/2.4.43/bin/apache -f /home/younes/admin/config/apache/apache.conf -D FOREGROUND'
[Tue Nov 16 23:19:38.253168 2021] [fcgid:info] [pid 215984:tid 140054680540288] mod_fcgid: server www.spikeexcel.ga:/usr/bin/env(216253) started
[Tue Nov 16 23:49:46.026390 2021] [core:error] [pid 215976:tid 140054680540288] (21)Is a directory: AH00095: failed to remove PID file /home/younes/admin/config/apache/
[Tue Nov 16 23:49:46.026407 2021] [mpm_event:notice] [pid 215976:tid 140054680540288] AH00491: caught SIGTERM, shutting down
[Tue Nov 16 23:49:46.102915 2021] [fcgid:info] [pid 215984:tid 140054680540288] mod_fcgid: process /usr/bin/env(216253) exit(shutting down), terminated by calling exit(), return code: 0
[Tue Nov 16 23:49:46.102944 2021] [fcgid:info] [pid 215984:tid 140054680540288] mod_fcgid: Process manager 215984 stopped
[Wed Nov 17 00:32:14.254857 2021] [fcgid:info] [pid 543657:tid 140647685117056] mod_fcgid: Process manager 543657 started
[Wed Nov 17 00:32:14.255834 2021] [mpm_event:notice] [pid 543644:tid 140647685117056] AH00489: Apache/2.4.43 (Unix) mod_fcgid/2.3.9 configured -- resuming normal operations
[Wed Nov 17 00:32:14.255888 2021] [mpm_event:info] [pid 543644:tid 140647685117056] AH00490: Server built: Jul 17 2020 12:36:16
[Wed Nov 17 00:32:14.255894 2021] [core:notice] [pid 543644:tid 140647685117056] AH00094: Command line: '/usr/alwaysdata/apache/2.4.43/bin/apache -f /home/younes/admin/config/apache/apache.conf -D FOREGROUND'
[Wed Nov 17 00:32:14.487763 2021] [fcgid:info] [pid 543657:tid 140647685117056] mod_fcgid: server spikeexcel.ga:/usr/bin/env(543939) started
[Wed Nov 17 01:02:16.852732 2021] [core:error] [pid 543644:tid 140647685117056] (21)Is a directory: AH00095: failed to remove PID file /home/younes/admin/config/apache/
[Wed Nov 17 01:02:16.852755 2021] [mpm_event:notice] [pid 543644:tid 140647685117056] AH00491: caught SIGTERM, shutting down
[Wed Nov 17 01:02:16.929190 2021] [fcgid:info] [pid 543657:tid 140647685117056] mod_fcgid: process /usr/bin/env(543939) exit(shutting down), terminated by calling exit(), return code: 0
[Wed Nov 17 01:02:16.929222 2021] [fcgid:info] [pid 543657:tid 140647685117056] mod_fcgid: Process manager 543657 stopped
[Wed Nov 17 04:01:03.400810 2021] [fcgid:info] [pid 1441311:tid 140058833446016] mod_fcgid: Process manager 1441311 started
[Wed Nov 17 04:01:03.401798 2021] [mpm_event:notice] [pid 1441300:tid 140058833446016] AH00489: Apache/2.4.43 (Unix) mod_fcgid/2.3.9 configured -- resuming normal operations
[Wed Nov 17 04:01:03.401851 2021] [mpm_event:info] [pid 1441300:tid 140058833446016] AH00490: Server built: Jul 17 2020 12:36:16
[Wed Nov 17 04:01:03.401856 2021] [core:notice] [pid 1441300:tid 140058833446016] AH00094: Command line: '/usr/alwaysdata/apache/2.4.43/bin/apache -f /home/younes/admin/config/apache/apache.conf -D FOREGROUND'
[Wed Nov 17 04:31:19.796887 2021] [core:error] [pid 1441300:tid 140058833446016] (21)Is a directory: AH00095: failed to remove PID file /home/younes/admin/config/apache/
[Wed Nov 17 04:31:19.796906 2021] [mpm_event:notice] [pid 1441300:tid 140058833446016] AH00491: caught SIGTERM, shutting down
[Wed Nov 17 04:31:19.807771 2021] [fcgid:info] [pid 1441311:tid 140058833446016] mod_fcgid: Process manager 1441311 stopped
[Wed Nov 17 06:31:14.456899 2021] [fcgid:info] [pid 2180695:tid 140371251352704] mod_fcgid: Process manager 2180695 started
[Wed Nov 17 06:31:14.457910 2021] [mpm_event:notice] [pid 2180687:tid 140371251352704] AH00489: Apache/2.4.43 (Unix) mod_fcgid/2.3.9 configured -- resuming normal operations
[Wed Nov 17 06:31:14.457963 2021] [mpm_event:info] [pid 2180687:tid 140371251352704] AH00490: Server built: Jul 17 2020 12:36:16
[Wed Nov 17 06:31:14.457969 2021] [core:notice] [pid 2180687:tid 140371251352704] AH00094: Command line: '/usr/alwaysdata/apache/2.4.43/bin/apache -f /home/younes/admin/config/apache/apache.conf -D FOREGROUND'
[Wed Nov 17 07:01:22.287129 2021] [core:error] [pid 2180687:tid 140371251352704] (21)Is a directory: AH00095: failed to remove PID file /home/younes/admin/config/apache/
[Wed Nov 17 07:01:22.287152 2021] [mpm_event:notice] [pid 2180687:tid 140371251352704] AH00491: caught SIGTERM, shutting down
[Wed Nov 17 07:01:22.297895 2021] [fcgid:info] [pid 2180695:tid 140371251352704] mod_fcgid: Process manager 2180695 stopped
[Wed Nov 17 07:34:14.962948 2021] [fcgid:info] [pid 2429966:tid 140615095710848] mod_fcgid: Process manager 2429966 started
[Wed Nov 17 07:34:14.964150 2021] [mpm_event:notice] [pid 2429954:tid 140615095710848] AH00489: Apache/2.4.43 (Unix) mod_fcgid/2.3.9 configured -- resuming normal operations
[Wed Nov 17 07:34:14.964207 2021] [mpm_event:info] [pid 2429954:tid 140615095710848] AH00490: Server built: Jul 17 2020 12:36:16
[Wed Nov 17 07:34:14.964213 2021] [core:notice] [pid 2429954:tid 140615095710848] AH00094: Command line: '/usr/alwaysdata/apache/2.4.43/bin/apache -f /home/younes/admin/config/apache/apache.conf -D FOREGROUND'
[Wed Nov 17 07:34:15.191123 2021] [core:info] [pid 2429967:tid 140615076812544] [client 123.160.233.88:0] AH00128: File does not exist: /home/younes/spikemusic/favicon.ico
[Wed Nov 17 07:34:16.868520 2021] [fcgid:info] [pid 2429966:tid 140615095710848] mod_fcgid: server spikemusic.gq:/usr/bin/env(2430366) started
[Wed Nov 17 08:04:23.388457 2021] [core:error] [pid 2429954:tid 140615095710848] (21)Is a directory: AH00095: failed to remove PID file /home/younes/admin/config/apache/
[Wed Nov 17 08:04:23.388479 2021] [mpm_event:notice] [pid 2429954:tid 140615095710848] AH00491: caught SIGTERM, shutting down
[Wed Nov 17 08:04:23.464905 2021] [fcgid:info] [pid 2429966:tid 140615095710848] mod_fcgid: process /usr/bin/env(2430366) exit(shutting down), terminated by calling exit(), return code: 0
[Wed Nov 17 08:04:23.464930 2021] [fcgid:info] [pid 2429966:tid 140615095710848] mod_fcgid: Process manager 2429966 stopped
[Wed Nov 17 08:27:59.750562 2021] [fcgid:info] [pid 2659565:tid 140535730066560] mod_fcgid: Process manager 2659565 started
[Wed Nov 17 08:27:59.751554 2021] [mpm_event:notice] [pid 2659554:tid 140535730066560] AH00489: Apache/2.4.43 (Unix) mod_fcgid/2.3.9 configured -- resuming normal operations
[Wed Nov 17 08:27:59.751607 2021] [mpm_event:info] [pid 2659554:tid 140535730066560] AH00490: Server built: Jul 17 2020 12:36:16
[Wed Nov 17 08:27:59.751612 2021] [core:notice] [pid 2659554:tid 140535730066560] AH00094: Command line: '/usr/alwaysdata/apache/2.4.43/bin/apache -f /home/younes/admin/config/apache/apache.conf -D FOREGROUND'
[Wed Nov 17 08:58:24.367106 2021] [core:error] [pid 2659554:tid 140535730066560] (21)Is a directory: AH00095: failed to remove PID file /home/younes/admin/config/apache/
[Wed Nov 17 08:58:24.367137 2021] [mpm_event:notice] [pid 2659554:tid 140535730066560] AH00491: caught SIGTERM, shutting down
[Wed Nov 17 08:58:24.377965 2021] [fcgid:info] [pid 2659565:tid 140535730066560] mod_fcgid: Process manager 2659565 stopped
[Wed Nov 17 11:23:03.293800 2021] [fcgid:info] [pid 3480591:tid 140178143933568] mod_fcgid: Process manager 3480591 started
[Wed Nov 17 11:23:03.294872 2021] [mpm_event:notice] [pid 3480575:tid 140178143933568] AH00489: Apache/2.4.43 (Unix) mod_fcgid/2.3.9 configured -- resuming normal operations
[Wed Nov 17 11:23:03.295968 2021] [mpm_event:info] [pid 3480575:tid 140178143933568] AH00490: Server built: Jul 17 2020 12:36:16
[Wed Nov 17 11:23:03.295981 2021] [core:notice] [pid 3480575:tid 140178143933568] AH00094: Command line: '/usr/alwaysdata/apache/2.4.43/bin/apache -f /home/younes/admin/config/apache/apache.conf -D FOREGROUND'
[Wed Nov 17 11:53:28.487667 2021] [core:error] [pid 3480575:tid 140178143933568] (21)Is a directory: AH00095: failed to remove PID file /home/younes/admin/config/apache/
[Wed Nov 17 11:53:28.487694 2021] [mpm_event:notice] [pid 3480575:tid 140178143933568] AH00491: caught SIGTERM, shutting down
[Wed Nov 17 11:53:28.498577 2021] [fcgid:info] [pid 3480591:tid 140178143933568] mod_fcgid: Process manager 3480591 stopped
[Wed Nov 17 14:33:27.231889 2021] [fcgid:info] [pid 267352:tid 139680467231872] mod_fcgid: Process manager 267352 started
[Wed Nov 17 14:33:27.232894 2021] [mpm_event:notice] [pid 267335:tid 139680467231872] AH00489: Apache/2.4.43 (Unix) mod_fcgid/2.3.9 configured -- resuming normal operations
[Wed Nov 17 14:33:27.232945 2021] [mpm_event:info] [pid 267335:tid 139680467231872] AH00490: Server built: Jul 17 2020 12:36:16
[Wed Nov 17 14:33:27.232951 2021] [core:notice] [pid 267335:tid 139680467231872] AH00094: Command line: '/usr/alwaysdata/apache/2.4.43/bin/apache -f /home/younes/admin/config/apache/apache.conf -D FOREGROUND'
[Wed Nov 17 14:53:37.932013 2021] [core:error] [pid 267335:tid 139680467231872] (21)Is a directory: AH00095: failed to remove PID file /home/younes/admin/config/apache/
[Wed Nov 17 14:53:37.932071 2021] [mpm_event:notice] [pid 267335:tid 139680467231872] AH00491: caught SIGTERM, shutting down
[Wed Nov 17 14:53:37.943235 2021] [fcgid:info] [pid 267352:tid 139680467231872] mod_fcgid: Process manager 267352 stopped
[Wed Nov 17 16:04:45.191542 2021] [fcgid:info] [pid 785488:tid 139965686781056] mod_fcgid: Process manager 785488 started
[Wed Nov 17 16:04:45.192526 2021] [mpm_event:notice] [pid 785474:tid 139965686781056] AH00489: Apache/2.4.43 (Unix) mod_fcgid/2.3.9 configured -- resuming normal operations
[Wed Nov 17 16:04:45.192578 2021] [mpm_event:info] [pid 785474:tid 139965686781056] AH00490: Server built: Jul 17 2020 12:36:16
[Wed Nov 17 16:04:45.192583 2021] [core:notice] [pid 785474:tid 139965686781056] AH00094: Command line: '/usr/alwaysdata/apache/2.4.43/bin/apache -f /home/younes/admin/config/apache/apache.conf -D FOREGROUND'
[Wed Nov 17 16:10:01.446078 2021] [fcgid:info] [pid 785488:tid 139965686781056] mod_fcgid: server www.spikeexcel.ga:/usr/bin/env(812539) started
[Wed Nov 17 16:50:55.408838 2021] [core:info] [pid 785489:tid 139957204674304] [client 154.245.161.139:0] AH00128: File does not exist: /home/younes/spikeexcel/assets/vendor/bs4-toast.js.map
[Wed Nov 17 16:50:55.706366 2021] [core:info] [pid 785489:tid 139957179496192] [client 154.245.161.139:0] AH00128: File does not exist: /home/younes/spikeexcel/assets/vendor/swiper/swiper-bundle.min.js.map
[Wed Nov 17 16:50:55.710539 2021] [core:info] [pid 785489:tid 139957162710784] [client 154.245.161.139:0] AH00128: File does not exist: /home/younes/spikeexcel/assets/vendor/purecounter/purecounter.js.map
[Wed Nov 17 16:52:05.689069 2021] [fcgid:info] [pid 785488:tid 139965686781056] mod_fcgid: server spikemusic.gq:/usr/bin/env(1037220) started
[Wed Nov 17 16:52:06.443554 2021] [core:info] [pid 785489:tid 139962666161920] [client 2a01:4f9:4a:5145::2:0] AH00128: File does not exist: /home/younes/spikemusic/public/css/icon-fonts/fontawesome-webfont.woff2, referer: https://spikemusic.gq/public/css/home/font-awesome.min.css
[Wed Nov 17 16:52:06.522224 2021] [core:info] [pid 785489:tid 139961751815936] [client 2a01:4f9:4a:5145::2:0] AH00128: File does not exist: /home/younes/spikemusic/public/css/icon-fonts/fontawesome-webfont.woff, referer: https://spikemusic.gq/public/css/home/font-awesome.min.css
[Wed Nov 17 16:52:06.655625 2021] [core:info] [pid 785489:tid 139961735030528] [client 2a01:4f9:4a:5145::2:0] AH00128: File does not exist: /home/younes/spikemusic/public/css/icon-fonts/fontawesome-webfont.ttf, referer: https://spikemusic.gq/public/css/home/font-awesome.min.css
[Wed Nov 17 16:52:09.246222 2021] [core:info] [pid 785489:tid 139961634383616] [client 2a01:4f9:4a:5145::2:0] AH00128: File does not exist: /home/younes/spikemusic/img/favicon.ico, referer: https://spikemusic.gq/
[Wed Nov 17 16:59:58.955498 2021] [mpm_event:notice] [pid 785474:tid 139965686781056] AH00493: SIGUSR1 received.  Doing graceful restart
[Wed Nov 17 16:59:59.044123 2021] [fcgid:info] [pid 785488:tid 139965686781056] mod_fcgid: process /usr/bin/env(812539) exit(shutting down), terminated by calling exit(), return code: 0
[Wed Nov 17 16:59:59.044159 2021] [fcgid:info] [pid 785488:tid 139965686781056] mod_fcgid: process /usr/bin/env(1037220) exit(shutting down), terminated by calling exit(), return code: 0
[Wed Nov 17 16:59:59.044167 2021] [fcgid:info] [pid 785488:tid 139965686781056] mod_fcgid: Process manager 785488 stopped
AH00112: Warning: DocumentRoot [/home/younes/spikeweb/] does not exist
AH00112: Warning: DocumentRoot [/home/younes/spikeweb/] does not exist
[Wed Nov 17 16:59:59.049906 2021] [mpm_event:notice] [pid 785474:tid 139965686781056] AH00489: Apache/2.4.43 (Unix) mod_fcgid/2.3.9 configured -- resuming normal operations
[Wed Nov 17 16:59:59.049921 2021] [mpm_event:info] [pid 785474:tid 139965686781056] AH00490: Server built: Jul 17 2020 12:36:16
[Wed Nov 17 16:59:59.049926 2021] [core:notice] [pid 785474:tid 139965686781056] AH00094: Command line: '/usr/alwaysdata/apache/2.4.43/bin/apache -f /home/younes/admin/config/apache/apache.conf -D FOREGROUND'
[Wed Nov 17 16:59:59.049942 2021] [fcgid:info] [pid 1077130:tid 139965686781056] mod_fcgid: Process manager 1077130 started
[Wed Nov 17 17:00:01.108507 2021] [core:info] [pid 1077131:tid 139965667882752] [client 154.245.161.139:0] AH00128: File does not exist: /home/younes/spikeweb/
[Wed Nov 17 17:00:01.651290 2021] [core:info] [pid 1077131:tid 139965642704640] [client 154.245.161.139:0] AH00128: File does not exist: /home/younes/spikeweb/favicon.ico, referer: http://spikeweb.ga/
[Wed Nov 17 17:04:18.299194 2021] [mpm_event:notice] [pid 785474:tid 139965686781056] AH00493: SIGUSR1 received.  Doing graceful restart
[Wed Nov 17 17:04:18.321076 2021] [fcgid:info] [pid 1077130:tid 139965686781056] mod_fcgid: Process manager 1077130 stopped
[Wed Nov 17 17:04:18.353505 2021] [mpm_event:notice] [pid 785474:tid 139965686781056] AH00489: Apache/2.4.43 (Unix) mod_fcgid/2.3.9 configured -- resuming normal operations
[Wed Nov 17 17:04:18.353526 2021] [mpm_event:info] [pid 785474:tid 139965686781056] AH00490: Server built: Jul 17 2020 12:36:16
[Wed Nov 17 17:04:18.353535 2021] [core:notice] [pid 785474:tid 139965686781056] AH00094: Command line: '/usr/alwaysdata/apache/2.4.43/bin/apache -f /home/younes/admin/config/apache/apache.conf -D FOREGROUND'
[Wed Nov 17 17:04:18.353536 2021] [fcgid:info] [pid 1102123:tid 139965686781056] mod_fcgid: Process manager 1102123 started
[Wed Nov 17 17:04:44.895580 2021] [fcgid:info] [pid 1102123:tid 139965686781056] mod_fcgid: server spikeweb.ga:/usr/bin/env(1103932) started
[Wed Nov 17 17:06:27.025285 2021] [core:info] [pid 1102124:tid 139958278940416] [client 82.193.104.168:0] AH00128: File does not exist: /home/younes/spikeweb/robots.txt
[Wed Nov 17 17:12:04.108298 2021] [core:info] [pid 1102124:tid 139958220191488] [client 154.245.161.139:0] AH00128: File does not exist: /home/younes/spikeweb/assets/vendor/swiper/swiper-bundle.min.js.map
[Wed Nov 17 17:12:04.108298 2021] [core:info] [pid 1102124:tid 139958186620672] [client 154.245.161.139:0] AH00128: File does not exist: /home/younes/spikeweb/assets/vendor/purecounter/purecounter.js.map
[Wed Nov 17 17:15:41.696730 2021] [core:info] [pid 1102124:tid 139957330564864] [client 154.245.161.139:0] AH00128: File does not exist: /home/younes/spikeweb/assets/vendor/purecounter/purecounter.js.map
[Wed Nov 17 17:15:41.804926 2021] [core:info] [pid 1102124:tid 139957355742976] [client 154.245.161.139:0] AH00128: File does not exist: /home/younes/spikeweb/assets/vendor/swiper/swiper-bundle.min.js.map
[Wed Nov 17 17:16:26.911180 2021] [core:info] [pid 1102124:tid 139957171103488] [client 154.245.161.139:0] AH00128: File does not exist: /home/younes/spikeweb/assets/vendor/purecounter/purecounter.js.map
[Wed Nov 17 17:16:26.911180 2021] [core:info] [pid 1102124:tid 139957162710784] [client 154.245.161.139:0] AH00128: File does not exist: /home/younes/spikeweb/assets/vendor/swiper/swiper-bundle.min.js.map
[Wed Nov 17 17:16:52.113905 2021] [core:info] [pid 1102124:tid 139957078783744] [client 154.245.161.139:0] AH00128: File does not exist: /home/younes/spikeweb/assets/vendor/purecounter/purecounter.js.map
[Wed Nov 17 17:16:52.117012 2021] [core:info] [pid 1102124:tid 139957070391040] [client 154.245.161.139:0] AH00128: File does not exist: /home/younes/spikeweb/assets/vendor/swiper/swiper-bundle.min.js.map
[Wed Nov 17 17:17:12.389384 2021] [core:info] [pid 1102124:tid 139964545210112] [client 154.245.161.139:0] AH00128: File does not exist: /home/younes/spikeweb/assets/vendor/purecounter/purecounter.js.map
[Wed Nov 17 17:17:12.391883 2021] [core:info] [pid 1102124:tid 139964427777792] [client 154.245.161.139:0] AH00128: File does not exist: /home/younes/spikeweb/assets/vendor/swiper/swiper-bundle.min.js.map
[Wed Nov 17 17:26:30.868585 2021] [core:info] [pid 1102124:tid 139961332377344] [client 154.245.161.139:0] AH00128: File does not exist: /home/younes/spikeweb/assets/vendor/swiper/swiper-bundle.min.js.map
[Wed Nov 17 17:26:47.801407 2021] [core:info] [pid 1102124:tid 139958178227968] [client 154.245.161.139:0] AH00128: File does not exist: /home/younes/spikeweb/assets/vendor/purecounter/purecounter.js.map
[Wed Nov 17 17:26:48.112447 2021] [core:info] [pid 1102124:tid 139958195013376] [client 154.245.161.139:0] AH00128: File does not exist: /home/younes/spikeweb/assets/vendor/swiper/swiper-bundle.min.js.map
[Wed Nov 17 17:31:53.533609 2021] [core:info] [pid 1102124:tid 139957691451136] [client 154.245.161.139:0] AH00128: File does not exist: /home/younes/spikeweb/assets/vendor/purecounter/purecounter.js.map
[Wed Nov 17 17:31:53.595581 2021] [core:info] [pid 1102124:tid 139957590738688] [client 154.245.161.139:0] AH00128: File does not exist: /home/younes/spikeweb/assets/vendor/swiper/swiper-bundle.min.js.map
[Wed Nov 17 17:32:34.718518 2021] [core:info] [pid 1102124:tid 139957565560576] [client 154.245.161.139:0] AH00128: File does not exist: /home/younes/spikeweb/assets/vendor/swiper/swiper-bundle.min.js.map
[Wed Nov 17 17:32:34.718518 2021] [core:info] [pid 1102124:tid 139957599131392] [client 154.245.161.139:0] AH00128: File does not exist: /home/younes/spikeweb/assets/vendor/purecounter/purecounter.js.map
[Wed Nov 17 17:36:22.654951 2021] [core:info] [pid 1102124:tid 139957120747264] [client 154.245.161.139:0] AH00128: File does not exist: /home/younes/spikeweb/assets/vendor/purecounter/purecounter.js.map
[Wed Nov 17 17:36:22.770860 2021] [core:info] [pid 1102124:tid 139957087176448] [client 154.245.161.139:0] AH00128: File does not exist: /home/younes/spikeweb/assets/vendor/swiper/swiper-bundle.min.js.map
[Wed Nov 17 17:36:29.420572 2021] [core:info] [pid 1102124:tid 139957036820224] [client 154.245.161.139:0] AH00128: File does not exist: /home/younes/spikeweb/assets/vendor/swiper/swiper-bundle.min.js.map
[Wed Nov 17 17:36:29.420574 2021] [core:info] [pid 1102124:tid 139965651097344] [client 154.245.161.139:0] AH00128: File does not exist: /home/younes/spikeweb/assets/vendor/purecounter/purecounter.js.map
[Wed Nov 17 17:36:52.239522 2021] [core:info] [pid 1102124:tid 139965082081024] [client 154.245.161.139:0] AH00128: File does not exist: /home/younes/spikeweb/assets/vendor/swiper/swiper-bundle.min.js.map
[Wed Nov 17 17:36:52.239522 2021] [core:info] [pid 1102124:tid 139965617526528] [client 154.245.161.139:0] AH00128: File does not exist: /home/younes/spikeweb/assets/vendor/purecounter/purecounter.js.map
[Wed Nov 17 17:37:20.443110 2021] [core:info] [pid 1102124:tid 139964561995520] [client 154.245.161.139:0] AH00128: File does not exist: /home/younes/spikeweb/assets/vendor/purecounter/purecounter.js.map
[Wed Nov 17 17:37:20.445896 2021] [core:info] [pid 1102124:tid 139964436170496] [client 154.245.161.139:0] AH00128: File does not exist: /home/younes/spikeweb/assets/vendor/swiper/swiper-bundle.min.js.map
[Wed Nov 17 17:41:47.461680 2021] [core:info] [pid 1102124:tid 139963496646400] [client 154.245.161.139:0] AH00128: File does not exist: /home/younes/spikeweb/favicon.ico, referer: https://spikeweb.ga/index.php
[Wed Nov 17 17:41:51.443989 2021] [core:info] [pid 1102124:tid 139959184893696] [client 154.245.161.139:0] AH00128: File does not exist: /home/younes/spikeweb/assets/vendor/purecounter/purecounter.js.map
[Wed Nov 17 17:41:51.927418 2021] [core:info] [pid 1102124:tid 139959738550016] [client 154.245.161.139:0] AH00128: File does not exist: /home/younes/spikeweb/assets/vendor/swiper/swiper-bundle.min.js.map
[Wed Nov 17 17:43:24.970083 2021] [fcgid:info] [pid 1102123:tid 139965686781056] mod_fcgid: server spikemusic.gq:/usr/bin/env(1302700) started
[Wed Nov 17 17:51:56.047192 2021] [core:info] [pid 1102124:tid 139957884483328] [client 154.245.161.139:0] AH00128: File does not exist: /home/younes/spikeweb/assets/vendor/swiper/swiper-bundle.min.js.map
[Wed Nov 17 17:51:56.047192 2021] [core:info] [pid 1102124:tid 139957918054144] [client 154.245.161.139:0] AH00128: File does not exist: /home/younes/spikeweb/assets/vendor/purecounter/purecounter.js.map
[Wed Nov 17 17:52:36.640847 2021] [core:info] [pid 1102124:tid 139957775378176] [client 154.245.161.139:0] AH00128: File does not exist: /home/younes/spikeweb/assets/vendor/purecounter/purecounter.js.map
[Wed Nov 17 17:52:36.650701 2021] [core:info] [pid 1102124:tid 139957758592768] [client 154.245.161.139:0] AH00128: File does not exist: /home/younes/spikeweb/assets/vendor/swiper/swiper-bundle.min.js.map
[Wed Nov 17 17:53:05.845200 2021] [core:info] [pid 1102124:tid 139957783770880] [client 154.245.161.139:0] AH00128: File does not exist: /home/younes/spikeweb/assets/vendor/purecounter/purecounter.js.map
[Wed Nov 17 17:53:05.846125 2021] [core:info] [pid 1102124:tid 139957808948992] [client 154.245.161.139:0] AH00128: File does not exist: /home/younes/spikeweb/assets/vendor/swiper/swiper-bundle.min.js.map
[Wed Nov 17 17:54:05.941034 2021] [core:info] [pid 1102124:tid 139957632702208] [client 154.245.161.139:0] AH00128: File does not exist: /home/younes/spikeweb/assets/vendor/purecounter/purecounter.js.map
[Wed Nov 17 17:54:05.943971 2021] [core:info] [pid 1102124:tid 139957573953280] [client 154.245.161.139:0] AH00128: File does not exist: /home/younes/spikeweb/assets/vendor/swiper/swiper-bundle.min.js.map
[Wed Nov 17 17:55:51.562351 2021] [core:info] [pid 1102124:tid 139957523597056] [client 154.245.161.139:0] AH00128: File does not exist: /home/younes/spikeweb/assets/vendor/swiper/swiper-bundle.min.js.map
[Wed Nov 17 17:55:51.562355 2021] [core:info] [pid 1102124:tid 139957490026240] [client 154.245.161.139:0] AH00128: File does not exist: /home/younes/spikeweb/assets/vendor/purecounter/purecounter.js.map
[Wed Nov 17 17:57:41.254499 2021] [core:info] [pid 1102124:tid 139965132437248] [client 154.245.161.139:0] AH00128: File does not exist: /home/younes/spikeweb/assets/vendor/purecounter/purecounter.js.map
[Wed Nov 17 17:57:41.303307 2021] [core:info] [pid 1102124:tid 139965107259136] [client 154.245.161.139:0] AH00128: File does not exist: /home/younes/spikeweb/assets/vendor/swiper/swiper-bundle.min.js.map
[Wed Nov 17 17:57:43.043530 2021] [core:info] [pid 1102124:tid 139965090473728] [client 154.245.161.139:0] AH00128: File does not exist: /home/younes/spikeweb/assets/vendor/purecounter/purecounter.js.map
[Wed Nov 17 17:57:43.047209 2021] [core:info] [pid 1102124:tid 139964587173632] [client 154.245.161.139:0] AH00128: File does not exist: /home/younes/spikeweb/assets/vendor/swiper/swiper-bundle.min.js.map
[Wed Nov 17 17:58:06.112504 2021] [core:info] [pid 1102124:tid 139964419385088] [client 154.245.161.139:0] AH00128: File does not exist: /home/younes/spikeweb/assets/vendor/purecounter/purecounter.js.map
[Wed Nov 17 17:58:06.188585 2021] [core:info] [pid 1102124:tid 139963496646400] [client 154.245.161.139:0] AH00128: File does not exist: /home/younes/spikeweb/assets/vendor/swiper/swiper-bundle.min.js.map
[Wed Nov 17 18:01:12.857460 2021] [core:info] [pid 1102124:tid 139962959775488] [client 154.245.161.139:0] AH00128: File does not exist: /home/younes/spikeweb/assets/vendor/purecounter/purecounter.js.map
[Wed Nov 17 18:01:12.857460 2021] [core:info] [pid 1102124:tid 139962951382784] [client 154.245.161.139:0] AH00128: File does not exist: /home/younes/spikeweb/assets/vendor/swiper/swiper-bundle.min.js.map
[Wed Nov 17 18:31:38.677462 2021] [core:error] [pid 785474:tid 139965686781056] (21)Is a directory: AH00095: failed to remove PID file /home/younes/admin/config/apache/
[Wed Nov 17 18:31:38.677497 2021] [mpm_event:notice] [pid 785474:tid 139965686781056] AH00491: caught SIGTERM, shutting down
[Wed Nov 17 18:31:38.753964 2021] [fcgid:info] [pid 1102123:tid 139965686781056] mod_fcgid: process /usr/bin/env(1103932) exit(shutting down), terminated by calling exit(), return code: 255
[Wed Nov 17 18:31:38.754003 2021] [fcgid:info] [pid 1102123:tid 139965686781056] mod_fcgid: process /usr/bin/env(1302700) exit(shutting down), terminated by calling exit(), return code: 0
[Wed Nov 17 18:31:38.754010 2021] [fcgid:info] [pid 1102123:tid 139965686781056] mod_fcgid: Process manager 1102123 stopped
[Wed Nov 17 19:01:07.215426 2021] [fcgid:info] [pid 1711067:tid 140656639329408] mod_fcgid: Process manager 1711067 started
[Wed Nov 17 19:01:07.216482 2021] [mpm_event:notice] [pid 1711059:tid 140656639329408] AH00489: Apache/2.4.43 (Unix) mod_fcgid/2.3.9 configured -- resuming normal operations
[Wed Nov 17 19:01:07.216534 2021] [mpm_event:info] [pid 1711059:tid 140656639329408] AH00490: Server built: Jul 17 2020 12:36:16
[Wed Nov 17 19:01:07.216541 2021] [core:notice] [pid 1711059:tid 140656639329408] AH00094: Command line: '/usr/alwaysdata/apache/2.4.43/bin/apache -f /home/younes/admin/config/apache/apache.conf -D FOREGROUND'
[Wed Nov 17 19:01:07.447610 2021] [core:info] [pid 1711068:tid 140656620414720] [client 82.193.104.168:0] AH00128: File does not exist: /home/younes/spikeweb/robots.txt
[Wed Nov 17 19:29:01.294576 2021] [core:info] [pid 1711068:tid 140648484853504] [client 54.229.175.139:0] AH00128: File does not exist: /home/younes/spikeweb/favicon.ico, referer: www.google.com
[Wed Nov 17 19:31:06.038803 2021] [core:info] [pid 1711068:tid 140648451282688] [client 54.229.175.139:0] AH00128: File does not exist: /home/younes/spikeweb/favicon.ico, referer: www.bing.com
[Wed Nov 17 20:10:10.377801 2021] [core:error] [pid 1711059:tid 140656639329408] (21)Is a directory: AH00095: failed to remove PID file /home/younes/admin/config/apache/
[Wed Nov 17 20:10:10.377858 2021] [mpm_event:notice] [pid 1711059:tid 140656639329408] AH00491: caught SIGTERM, shutting down
[Wed Nov 17 20:10:10.389017 2021] [fcgid:info] [pid 1711067:tid 140656639329408] mod_fcgid: Process manager 1711067 stopped
[Wed Nov 17 20:46:20.777940 2021] [fcgid:info] [pid 2311307:tid 140045175846016] mod_fcgid: Process manager 2311307 started
[Wed Nov 17 20:46:20.778962 2021] [mpm_event:notice] [pid 2311297:tid 140045175846016] AH00489: Apache/2.4.43 (Unix) mod_fcgid/2.3.9 configured -- resuming normal operations
[Wed Nov 17 20:46:20.779014 2021] [mpm_event:info] [pid 2311297:tid 140045175846016] AH00490: Server built: Jul 17 2020 12:36:16
[Wed Nov 17 20:46:20.779020 2021] [core:notice] [pid 2311297:tid 140045175846016] AH00094: Command line: '/usr/alwaysdata/apache/2.4.43/bin/apache -f /home/younes/admin/config/apache/apache.conf -D FOREGROUND'
[Wed Nov 17 20:46:21.000170 2021] [fcgid:info] [pid 2311307:tid 140045175846016] mod_fcgid: server www.spikeexcel.ga:/usr/bin/env(2311611) started
[Wed Nov 17 21:44:42.474263 2021] [core:error] [pid 2311297:tid 140045175846016] (21)Is a directory: AH00095: failed to remove PID file /home/younes/admin/config/apache/
[Wed Nov 17 21:44:42.474299 2021] [mpm_event:notice] [pid 2311297:tid 140045175846016] AH00491: caught SIGTERM, shutting down
[Wed Nov 17 21:44:42.550742 2021] [fcgid:info] [pid 2311307:tid 140045175846016] mod_fcgid: process /usr/bin/env(2311611) exit(shutting down), terminated by calling exit(), return code: 0
[Wed Nov 17 21:44:42.550775 2021] [fcgid:info] [pid 2311307:tid 140045175846016] mod_fcgid: Process manager 2311307 stopped
[Thu Nov 18 03:54:25.056837 2021] [fcgid:info] [pid 73757:tid 139639336649856] mod_fcgid: Process manager 73757 started
[Thu Nov 18 03:54:25.057867 2021] [mpm_event:notice] [pid 73747:tid 139639336649856] AH00489: Apache/2.4.43 (Unix) mod_fcgid/2.3.9 configured -- resuming normal operations
[Thu Nov 18 03:54:25.057927 2021] [mpm_event:info] [pid 73747:tid 139639336649856] AH00490: Server built: Jul 17 2020 12:36:16
[Thu Nov 18 03:54:25.057934 2021] [core:notice] [pid 73747:tid 139639336649856] AH00094: Command line: '/usr/alwaysdata/apache/2.4.43/bin/apache -f /home/younes/admin/config/apache/apache.conf -D FOREGROUND'
[Thu Nov 18 04:33:22.114461 2021] [core:error] [pid 73747:tid 139639336649856] (21)Is a directory: AH00095: failed to remove PID file /home/younes/admin/config/apache/
[Thu Nov 18 04:33:22.114488 2021] [mpm_event:notice] [pid 73747:tid 139639336649856] AH00491: caught SIGTERM, shutting down
[Thu Nov 18 04:33:22.125557 2021] [fcgid:info] [pid 73757:tid 139639336649856] mod_fcgid: Process manager 73757 stopped
[Thu Nov 18 06:16:22.232338 2021] [fcgid:info] [pid 616937:tid 139886288237696] mod_fcgid: Process manager 616937 started
[Thu Nov 18 06:16:22.233364 2021] [mpm_event:notice] [pid 616926:tid 139886288237696] AH00489: Apache/2.4.43 (Unix) mod_fcgid/2.3.9 configured -- resuming normal operations
[Thu Nov 18 06:16:22.233428 2021] [mpm_event:info] [pid 616926:tid 139886288237696] AH00490: Server built: Jul 17 2020 12:36:16
[Thu Nov 18 06:16:22.233435 2021] [core:notice] [pid 616926:tid 139886288237696] AH00094: Command line: '/usr/alwaysdata/apache/2.4.43/bin/apache -f /home/younes/admin/config/apache/apache.conf -D FOREGROUND'
[Thu Nov 18 06:46:25.706938 2021] [core:error] [pid 616926:tid 139886288237696] (21)Is a directory: AH00095: failed to remove PID file /home/younes/admin/config/apache/
[Thu Nov 18 06:46:25.706960 2021] [mpm_event:notice] [pid 616926:tid 139886288237696] AH00491: caught SIGTERM, shutting down
[Thu Nov 18 06:46:25.717771 2021] [fcgid:info] [pid 616937:tid 139886288237696] mod_fcgid: Process manager 616937 stopped
[Thu Nov 18 06:53:55.139351 2021] [fcgid:info] [pid 859254:tid 139678698579072] mod_fcgid: Process manager 859254 started
